ago 14 20:42:49 twilightrealm kernel: Linux version 6.6.101 (nixbld@localhost) (gcc (GCC) 14.2.1 20250322, GNU ld (GNU Binutils) 2.44) #1-NixOS SMP PREEMPT_DYNAMIC Fri Aug  1 08:47:33 UTC 2025
ago 14 20:42:49 twilightrealm kernel: Command line: initrd=\EFI\nixos\bm7r8xkyzq8b3v890xdn3rpdq97ayvgf-initrd-linux-6.6.101-initrd.efi init=/nix/store/hv24mfb4jw5lwbdrw76ry5sa50bccpfx-nixos-system-twilightrealm-25.05.20250804.ce01dae/init module_blacklist=i915 loglevel=4 lsm=landlock,yama,bpf nvidia-drm.modeset=1 nvidia-drm.fbdev=1
ago 14 20:42:49 twilightrealm kernel: BIOS-provided physical RAM map:
ago 14 20:42:49 twilightrealm kernel: BIOS-e820: [mem 0x0000000000000000-0x000000000002ffff] usable
ago 14 20:42:49 twilightrealm kernel: BIOS-e820: [mem 0x0000000000030000-0x000000000004ffff] reserved
ago 14 20:42:49 twilightrealm kernel: BIOS-e820: [mem 0x0000000000050000-0x000000000009efff] usable
ago 14 20:42:49 twilightrealm kernel: BIOS-e820: [mem 0x000000000009f000-0x000000000009ffff] reserved
ago 14 20:42:49 twilightrealm kernel: BIOS-e820: [mem 0x0000000000100000-0x000000007e8ecfff] usable
ago 14 20:42:49 twilightrealm kernel: BIOS-e820: [mem 0x000000007e8ed000-0x000000007eb6cfff] reserved
ago 14 20:42:49 twilightrealm kernel: BIOS-e820: [mem 0x000000007eb6d000-0x000000007eb7efff] ACPI data
ago 14 20:42:49 twilightrealm kernel: BIOS-e820: [mem 0x000000007eb7f000-0x000000007ebfefff] ACPI NVS
ago 14 20:42:49 twilightrealm kernel: BIOS-e820: [mem 0x000000007ebff000-0x000000007ef78fff] usable
ago 14 20:42:49 twilightrealm kernel: BIOS-e820: [mem 0x000000007ef79000-0x000000007ef7cfff] reserved
ago 14 20:42:49 twilightrealm kernel: BIOS-e820: [mem 0x000000007ef7d000-0x000000007ef7efff] ACPI NVS
ago 14 20:42:49 twilightrealm kernel: BIOS-e820: [mem 0x000000007ef7f000-0x000000007effffff] usable
ago 14 20:42:49 twilightrealm kernel: BIOS-e820: [mem 0x000000007f000000-0x000000007fffffff] reserved
ago 14 20:42:49 twilightrealm kernel: BIOS-e820: [mem 0x00000000e0000000-0x00000000efffffff] reserved
ago 14 20:42:49 twilightrealm kernel: BIOS-e820: [mem 0x00000000feffc000-0x00000000feffffff] reserved
ago 14 20:42:49 twilightrealm kernel: BIOS-e820: [mem 0x0000000100000000-0x00000002787fffff] usable
ago 14 20:42:49 twilightrealm kernel: NX (Execute Disable) protection: active
ago 14 20:42:49 twilightrealm kernel: APIC: Static calls initialized
ago 14 20:42:49 twilightrealm kernel: e820: update [mem 0x7b741018-0x7b74aa57] usable ==> usable
ago 14 20:42:49 twilightrealm kernel: e820: update [mem 0x7b741018-0x7b74aa57] usable ==> usable
ago 14 20:42:49 twilightrealm kernel: e820: update [mem 0x7b719018-0x7b740457] usable ==> usable
ago 14 20:42:49 twilightrealm kernel: e820: update [mem 0x7b719018-0x7b740457] usable ==> usable
ago 14 20:42:49 twilightrealm kernel: extended physical RAM map:
ago 14 20:42:49 twilightrealm kernel: reserve setup_data: [mem 0x0000000000000000-0x000000000002ffff] usable
ago 14 20:42:49 twilightrealm kernel: reserve setup_data: [mem 0x0000000000030000-0x000000000004ffff] reserved
ago 14 20:42:49 twilightrealm kernel: reserve setup_data: [mem 0x0000000000050000-0x000000000009efff] usable
ago 14 20:42:49 twilightrealm kernel: reserve setup_data: [mem 0x000000000009f000-0x000000000009ffff] reserved
ago 14 20:42:49 twilightrealm kernel: reserve setup_data: [mem 0x0000000000100000-0x000000007b719017] usable
ago 14 20:42:49 twilightrealm kernel: reserve setup_data: [mem 0x000000007b719018-0x000000007b740457] usable
ago 14 20:42:49 twilightrealm kernel: reserve setup_data: [mem 0x000000007b740458-0x000000007b741017] usable
ago 14 20:42:49 twilightrealm kernel: reserve setup_data: [mem 0x000000007b741018-0x000000007b74aa57] usable
ago 14 20:42:49 twilightrealm kernel: reserve setup_data: [mem 0x000000007b74aa58-0x000000007e8ecfff] usable
ago 14 20:42:49 twilightrealm kernel: reserve setup_data: [mem 0x000000007e8ed000-0x000000007eb6cfff] reserved
ago 14 20:42:49 twilightrealm kernel: reserve setup_data: [mem 0x000000007eb6d000-0x000000007eb7efff] ACPI data
ago 14 20:42:49 twilightrealm kernel: reserve setup_data: [mem 0x000000007eb7f000-0x000000007ebfefff] ACPI NVS
ago 14 20:42:49 twilightrealm kernel: reserve setup_data: [mem 0x000000007ebff000-0x000000007ef78fff] usable
ago 14 20:42:49 twilightrealm kernel: reserve setup_data: [mem 0x000000007ef79000-0x000000007ef7cfff] reserved
ago 14 20:42:49 twilightrealm kernel: reserve setup_data: [mem 0x000000007ef7d000-0x000000007ef7efff] ACPI NVS
ago 14 20:42:49 twilightrealm kernel: reserve setup_data: [mem 0x000000007ef7f000-0x000000007effffff] usable
ago 14 20:42:49 twilightrealm kernel: reserve setup_data: [mem 0x000000007f000000-0x000000007fffffff] reserved
ago 14 20:42:49 twilightrealm kernel: reserve setup_data: [mem 0x00000000e0000000-0x00000000efffffff] reserved
ago 14 20:42:49 twilightrealm kernel: reserve setup_data: [mem 0x00000000feffc000-0x00000000feffffff] reserved
ago 14 20:42:49 twilightrealm kernel: reserve setup_data: [mem 0x0000000100000000-0x00000002787fffff] usable
ago 14 20:42:49 twilightrealm kernel: efi: EFI v2.7 by EDK II
ago 14 20:42:49 twilightrealm kernel: efi: SMBIOS=0x7e9d5000 ACPI=0x7eb7e000 ACPI 2.0=0x7eb7e014 MEMATTR=0x7d3e5018 RNG=0x7eb73f18 INITRD=0x7cee8598 
ago 14 20:42:49 twilightrealm kernel: random: crng init done
ago 14 20:42:49 twilightrealm kernel: SMBIOS 2.8 present.
ago 14 20:42:49 twilightrealm kernel: DMI: QEMU Standard PC (Q35 + ICH9, 2009), BIOS edk2-stable202408-prebuilt.qemu.org 08/13/2024
ago 14 20:42:49 twilightrealm kernel: Hypervisor detected: KVM
ago 14 20:42:49 twilightrealm kernel: kvm-clock: Using msrs 4b564d01 and 4b564d00
ago 14 20:42:49 twilightrealm kernel: kvm-clock: using sched offset of 199997071527 cycles
ago 14 20:42:49 twilightrealm kernel: clocksource: kvm-clock: mask: 0xffffffffffffffff max_cycles: 0x1cd42e4dffb, max_idle_ns: 881590591483 ns
ago 14 20:42:49 twilightrealm kernel: tsc: Detected 2591.998 MHz processor
ago 14 20:42:49 twilightrealm kernel: e820: update [mem 0x00000000-0x00000fff] usable ==> reserved
ago 14 20:42:49 twilightrealm kernel: e820: remove [mem 0x000a0000-0x000fffff] usable
ago 14 20:42:49 twilightrealm kernel: last_pfn = 0x278800 max_arch_pfn = 0x400000000
ago 14 20:42:49 twilightrealm kernel: MTRR map: 4 entries (2 fixed + 2 variable; max 18), built from 8 variable MTRRs
ago 14 20:42:49 twilightrealm kernel: x86/PAT: Configuration [0-7]: WB  WC  UC- UC  WB  WP  UC- WT  
ago 14 20:42:49 twilightrealm kernel: last_pfn = 0x7f000 max_arch_pfn = 0x400000000
ago 14 20:42:49 twilightrealm kernel: Using GB pages for direct mapping
ago 14 20:42:49 twilightrealm kernel: Secure boot disabled
ago 14 20:42:49 twilightrealm kernel: RAMDISK: [mem 0x7b74b000-0x7c317fff]
ago 14 20:42:49 twilightrealm kernel: ACPI: Early table checksum verification disabled
ago 14 20:42:49 twilightrealm kernel: ACPI: RSDP 0x000000007EB7E014 000024 (v02 BOCHS )
ago 14 20:42:49 twilightrealm kernel: ACPI: XSDT 0x000000007EB7D0E8 00004C (v01 BOCHS  BXPC     00000001      01000013)
ago 14 20:42:49 twilightrealm kernel: ACPI: FACP 0x000000007EB78000 0000F4 (v03 BOCHS  BXPC     00000001 BXPC 00000001)
ago 14 20:42:49 twilightrealm kernel: ACPI: DSDT 0x000000007EB79000 003B0D (v01 BOCHS  BXPC     00000001 BXPC 00000001)
ago 14 20:42:49 twilightrealm kernel: ACPI: FACS 0x000000007EBDD000 000040
ago 14 20:42:49 twilightrealm kernel: ACPI: APIC 0x000000007EB77000 0000B0 (v03 BOCHS  BXPC     00000001 BXPC 00000001)
ago 14 20:42:49 twilightrealm kernel: ACPI: MCFG 0x000000007EB76000 00003C (v01 BOCHS  BXPC     00000001 BXPC 00000001)
ago 14 20:42:49 twilightrealm kernel: ACPI: WAET 0x000000007EB75000 000028 (v01 BOCHS  BXPC     00000001 BXPC 00000001)
ago 14 20:42:49 twilightrealm kernel: ACPI: BGRT 0x000000007EB74000 000038 (v01 INTEL  EDK2     00000002      01000013)
ago 14 20:42:49 twilightrealm kernel: ACPI: Reserving FACP table memory at [mem 0x7eb78000-0x7eb780f3]
ago 14 20:42:49 twilightrealm kernel: ACPI: Reserving DSDT table memory at [mem 0x7eb79000-0x7eb7cb0c]
ago 14 20:42:49 twilightrealm kernel: ACPI: Reserving FACS table memory at [mem 0x7ebdd000-0x7ebdd03f]
ago 14 20:42:49 twilightrealm kernel: ACPI: Reserving APIC table memory at [mem 0x7eb77000-0x7eb770af]
ago 14 20:42:49 twilightrealm kernel: ACPI: Reserving MCFG table memory at [mem 0x7eb76000-0x7eb7603b]
ago 14 20:42:49 twilightrealm kernel: ACPI: Reserving WAET table memory at [mem 0x7eb75000-0x7eb75027]
ago 14 20:42:49 twilightrealm kernel: ACPI: Reserving BGRT table memory at [mem 0x7eb74000-0x7eb74037]
ago 14 20:42:49 twilightrealm kernel: No NUMA configuration found
ago 14 20:42:49 twilightrealm kernel: Faking a node at [mem 0x0000000000000000-0x00000002787fffff]
ago 14 20:42:49 twilightrealm kernel: NODE_DATA(0) allocated [mem 0x2787fa000-0x2787fffff]
ago 14 20:42:49 twilightrealm kernel: Zone ranges:
ago 14 20:42:49 twilightrealm kernel:   DMA      [mem 0x0000000000001000-0x0000000000ffffff]
ago 14 20:42:49 twilightrealm kernel:   DMA32    [mem 0x0000000001000000-0x00000000ffffffff]
ago 14 20:42:49 twilightrealm kernel:   Normal   [mem 0x0000000100000000-0x00000002787fffff]
ago 14 20:42:49 twilightrealm kernel:   Device   empty
ago 14 20:42:49 twilightrealm kernel: Movable zone start for each node
ago 14 20:42:49 twilightrealm kernel: Early memory node ranges
ago 14 20:42:49 twilightrealm kernel:   node   0: [mem 0x0000000000001000-0x000000000002ffff]
ago 14 20:42:49 twilightrealm kernel:   node   0: [mem 0x0000000000050000-0x000000000009efff]
ago 14 20:42:49 twilightrealm kernel:   node   0: [mem 0x0000000000100000-0x000000007e8ecfff]
ago 14 20:42:49 twilightrealm kernel:   node   0: [mem 0x000000007ebff000-0x000000007ef78fff]
ago 14 20:42:49 twilightrealm kernel:   node   0: [mem 0x000000007ef7f000-0x000000007effffff]
ago 14 20:42:49 twilightrealm kernel:   node   0: [mem 0x0000000100000000-0x00000002787fffff]
ago 14 20:42:49 twilightrealm kernel: Initmem setup node 0 [mem 0x0000000000001000-0x00000002787fffff]
ago 14 20:42:49 twilightrealm kernel: On node 0, zone DMA: 1 pages in unavailable ranges
ago 14 20:42:49 twilightrealm kernel: On node 0, zone DMA: 32 pages in unavailable ranges
ago 14 20:42:49 twilightrealm kernel: On node 0, zone DMA: 97 pages in unavailable ranges
ago 14 20:42:49 twilightrealm kernel: On node 0, zone DMA32: 786 pages in unavailable ranges
ago 14 20:42:49 twilightrealm kernel: On node 0, zone DMA32: 6 pages in unavailable ranges
ago 14 20:42:49 twilightrealm kernel: On node 0, zone Normal: 4096 pages in unavailable ranges
ago 14 20:42:49 twilightrealm kernel: On node 0, zone Normal: 30720 pages in unavailable ranges
ago 14 20:42:49 twilightrealm kernel: ACPI: PM-Timer IO Port: 0x608
ago 14 20:42:49 twilightrealm kernel: ACPI: LAPIC_NMI (acpi_id[0xff] dfl dfl lint[0x1])
ago 14 20:42:49 twilightrealm kernel: IOAPIC[0]: apic_id 0, version 17, address 0xfec00000, GSI 0-23
ago 14 20:42:49 twilightrealm kernel: ACPI: INT_SRC_OVR (bus 0 bus_irq 0 global_irq 2 dfl dfl)
ago 14 20:42:49 twilightrealm kernel: ACPI: INT_SRC_OVR (bus 0 bus_irq 5 global_irq 5 high level)
ago 14 20:42:49 twilightrealm kernel: ACPI: INT_SRC_OVR (bus 0 bus_irq 9 global_irq 9 high level)
ago 14 20:42:49 twilightrealm kernel: ACPI: INT_SRC_OVR (bus 0 bus_irq 10 global_irq 10 high level)
ago 14 20:42:49 twilightrealm kernel: ACPI: INT_SRC_OVR (bus 0 bus_irq 11 global_irq 11 high level)
ago 14 20:42:49 twilightrealm kernel: ACPI: Using ACPI (MADT) for SMP configuration information
ago 14 20:42:49 twilightrealm kernel: e820: update [mem 0x7cf06000-0x7cf0efff] usable ==> reserved
ago 14 20:42:49 twilightrealm kernel: OF: fdt: No valid device tree found, continuing without
ago 14 20:42:49 twilightrealm kernel: TSC deadline timer available
ago 14 20:42:49 twilightrealm kernel: smpboot: Allowing 8 CPUs, 0 hotplug CPUs
ago 14 20:42:49 twilightrealm kernel: kvm-guest: APIC: eoi() replaced with kvm_guest_apic_eoi_write()
ago 14 20:42:49 twilightrealm kernel: kvm-guest: KVM setup pv remote TLB flush
ago 14 20:42:49 twilightrealm kernel: kvm-guest: setup PV sched yield
ago 14 20:42:49 twilightrealm kernel: PM: hibernation: Registered nosave memory: [mem 0x00000000-0x00000fff]
ago 14 20:42:49 twilightrealm kernel: PM: hibernation: Registered nosave memory: [mem 0x00030000-0x0004ffff]
ago 14 20:42:49 twilightrealm kernel: PM: hibernation: Registered nosave memory: [mem 0x0009f000-0x000fffff]
ago 14 20:42:49 twilightrealm kernel: PM: hibernation: Registered nosave memory: [mem 0x7cf06000-0x7cf0efff]
ago 14 20:42:49 twilightrealm kernel: PM: hibernation: Registered nosave memory: [mem 0x7e8ed000-0x7ebfefff]
ago 14 20:42:49 twilightrealm kernel: PM: hibernation: Registered nosave memory: [mem 0x7ef79000-0x7ef7efff]
ago 14 20:42:49 twilightrealm kernel: PM: hibernation: Registered nosave memory: [mem 0x7f000000-0xffffffff]
ago 14 20:42:49 twilightrealm kernel: [mem 0x80000000-0xdfffffff] available for PCI devices
ago 14 20:42:49 twilightrealm kernel: Booting paravirtualized kernel on KVM
ago 14 20:42:49 twilightrealm kernel: clocksource: refined-jiffies: mask: 0xffffffff max_cycles: 0xffffffff, max_idle_ns: 1910969940391419 ns
ago 14 20:42:49 twilightrealm kernel: setup_percpu: NR_CPUS:384 nr_cpumask_bits:8 nr_cpu_ids:8 nr_node_ids:1
ago 14 20:42:49 twilightrealm kernel: percpu: Embedded 84 pages/cpu s221184 r8192 d114688 u524288
ago 14 20:42:49 twilightrealm kernel: pcpu-alloc: s221184 r8192 d114688 u524288 alloc=1*2097152
ago 14 20:42:49 twilightrealm kernel: pcpu-alloc: [0] 0 1 2 3 [0] 4 5 6 7 
ago 14 20:42:49 twilightrealm kernel: kvm-guest: PV spinlocks enabled
ago 14 20:42:49 twilightrealm kernel: PV qspinlock hash table entries: 256 (order: 0, 4096 bytes, linear)
ago 14 20:42:49 twilightrealm kernel: Kernel command line: initrd=\EFI\nixos\bm7r8xkyzq8b3v890xdn3rpdq97ayvgf-initrd-linux-6.6.101-initrd.efi init=/nix/store/hv24mfb4jw5lwbdrw76ry5sa50bccpfx-nixos-system-twilightrealm-25.05.20250804.ce01dae/init module_blacklist=i915 loglevel=4 lsm=landlock,yama,bpf nvidia-drm.modeset=1 nvidia-drm.fbdev=1
ago 14 20:42:49 twilightrealm kernel: Dentry cache hash table entries: 1048576 (order: 11, 8388608 bytes, linear)
ago 14 20:42:49 twilightrealm kernel: Inode-cache hash table entries: 524288 (order: 10, 4194304 bytes, linear)
ago 14 20:42:49 twilightrealm kernel: Fallback order for Node 0: 0 
ago 14 20:42:49 twilightrealm kernel: Built 1 zonelists, mobility grouping on.  Total pages: 2027059
ago 14 20:42:49 twilightrealm kernel: Policy zone: Normal
ago 14 20:42:49 twilightrealm kernel: mem auto-init: stack:all(zero), heap alloc:on, heap free:off
ago 14 20:42:49 twilightrealm kernel: software IO TLB: area num 8.
ago 14 20:42:49 twilightrealm kernel: Memory: 7929288K/8245656K available (16384K kernel code, 2385K rwdata, 11156K rodata, 3236K init, 4144K bss, 316112K reserved, 0K cma-reserved)
ago 14 20:42:49 twilightrealm kernel: SLUB: HWalign=64, Order=0-3, MinObjects=0, CPUs=8, Nodes=1
ago 14 20:42:49 twilightrealm kernel: Kernel/User page tables isolation: enabled
ago 14 20:42:49 twilightrealm kernel: ftrace: allocating 43881 entries in 172 pages
ago 14 20:42:49 twilightrealm kernel: ftrace: allocated 172 pages with 4 groups
ago 14 20:42:49 twilightrealm kernel: Dynamic Preempt: voluntary
ago 14 20:42:49 twilightrealm kernel: rcu: Preemptible hierarchical RCU implementation.
ago 14 20:42:49 twilightrealm kernel: rcu:         RCU event tracing is enabled.
ago 14 20:42:49 twilightrealm kernel: rcu:         RCU restricting CPUs from NR_CPUS=384 to nr_cpu_ids=8.
ago 14 20:42:49 twilightrealm kernel:         Trampoline variant of Tasks RCU enabled.
ago 14 20:42:49 twilightrealm kernel:         Rude variant of Tasks RCU enabled.
ago 14 20:42:49 twilightrealm kernel:         Tracing variant of Tasks RCU enabled.
ago 14 20:42:49 twilightrealm kernel: rcu: RCU calculated value of scheduler-enlistment delay is 100 jiffies.
ago 14 20:42:49 twilightrealm kernel: rcu: Adjusting geometry for rcu_fanout_leaf=16, nr_cpu_ids=8
ago 14 20:42:49 twilightrealm kernel: NR_IRQS: 24832, nr_irqs: 488, preallocated irqs: 16
ago 14 20:42:49 twilightrealm kernel: rcu: srcu_init: Setting srcu_struct sizes based on contention.
ago 14 20:42:49 twilightrealm kernel: kfence: initialized - using 2097152 bytes for 255 objects at 0x(____ptrval____)-0x(____ptrval____)
ago 14 20:42:49 twilightrealm kernel: Console: colour dummy device 80x25
ago 14 20:42:49 twilightrealm kernel: printk: console [tty0] enabled
ago 14 20:42:49 twilightrealm kernel: ACPI: Core revision 20230628
ago 14 20:42:49 twilightrealm kernel: APIC: Switch to symmetric I/O mode setup
ago 14 20:42:49 twilightrealm kernel: x2apic enabled
ago 14 20:42:49 twilightrealm kernel: APIC: Switched APIC routing to: physical x2apic
ago 14 20:42:49 twilightrealm kernel: kvm-guest: APIC: send_IPI_mask() replaced with kvm_send_ipi_mask()
ago 14 20:42:49 twilightrealm kernel: kvm-guest: APIC: send_IPI_mask_allbutself() replaced with kvm_send_ipi_mask_allbutself()
ago 14 20:42:49 twilightrealm kernel: kvm-guest: setup PV IPIs
ago 14 20:42:49 twilightrealm kernel: clocksource: tsc-early: mask: 0xffffffffffffffff max_cycles: 0x255cb518234, max_idle_ns: 440795279333 ns
ago 14 20:42:49 twilightrealm kernel: Calibrating delay loop (skipped) preset value.. 5183.99 BogoMIPS (lpj=2591998)
ago 14 20:42:49 twilightrealm kernel: x86/cpu: User Mode Instruction Prevention (UMIP) activated
ago 14 20:42:49 twilightrealm kernel: Last level iTLB entries: 4KB 0, 2MB 0, 4MB 0
ago 14 20:42:49 twilightrealm kernel: Last level dTLB entries: 4KB 0, 2MB 0, 4MB 0, 1GB 0
ago 14 20:42:49 twilightrealm kernel: Spectre V1 : Mitigation: usercopy/swapgs barriers and __user pointer sanitization
ago 14 20:42:49 twilightrealm kernel: Spectre V2 : Spectre BHI mitigation: SW BHB clearing on vm exit
ago 14 20:42:49 twilightrealm kernel: Spectre V2 : Spectre BHI mitigation: SW BHB clearing on syscall
ago 14 20:42:49 twilightrealm kernel: Spectre V2 : Mitigation: IBRS
ago 14 20:42:49 twilightrealm kernel: Spectre V2 : Spectre v2 / SpectreRSB: Filling RSB on context switch and VMEXIT
ago 14 20:42:49 twilightrealm kernel: RETBleed: Mitigation: IBRS
ago 14 20:42:49 twilightrealm kernel: Spectre V2 : mitigation: Enabling conditional Indirect Branch Prediction Barrier
ago 14 20:42:49 twilightrealm kernel: Speculative Store Bypass: Mitigation: Speculative Store Bypass disabled via prctl
ago 14 20:42:49 twilightrealm kernel: MDS: Mitigation: Clear CPU buffers
ago 14 20:42:49 twilightrealm kernel: MMIO Stale Data: Mitigation: Clear CPU buffers
ago 14 20:42:49 twilightrealm kernel: SRBDS: Unknown: Dependent on hypervisor status
ago 14 20:42:49 twilightrealm kernel: ITS: Mitigation: Aligned branch/return thunks
ago 14 20:42:49 twilightrealm kernel: x86/fpu: Supporting XSAVE feature 0x001: 'x87 floating point registers'
ago 14 20:42:49 twilightrealm kernel: x86/fpu: Supporting XSAVE feature 0x002: 'SSE registers'
ago 14 20:42:49 twilightrealm kernel: x86/fpu: Supporting XSAVE feature 0x004: 'AVX registers'
ago 14 20:42:49 twilightrealm kernel: x86/fpu: Supporting XSAVE feature 0x008: 'MPX bounds registers'
ago 14 20:42:49 twilightrealm kernel: x86/fpu: Supporting XSAVE feature 0x010: 'MPX CSR'
ago 14 20:42:49 twilightrealm kernel: x86/fpu: xstate_offset[2]:  576, xstate_sizes[2]:  256
ago 14 20:42:49 twilightrealm kernel: x86/fpu: xstate_offset[3]:  832, xstate_sizes[3]:   64
ago 14 20:42:49 twilightrealm kernel: x86/fpu: xstate_offset[4]:  896, xstate_sizes[4]:   64
ago 14 20:42:49 twilightrealm kernel: x86/fpu: Enabled xstate features 0x1f, context size is 960 bytes, using 'compacted' format.
ago 14 20:42:49 twilightrealm kernel: Freeing SMP alternatives memory: 36K
ago 14 20:42:49 twilightrealm kernel: pid_max: default: 32768 minimum: 301
ago 14 20:42:49 twilightrealm kernel: LSM: initializing lsm=capability,landlock,yama,bpf,integrity
ago 14 20:42:49 twilightrealm kernel: landlock: Up and running.
ago 14 20:42:49 twilightrealm kernel: Yama: becoming mindful.
ago 14 20:42:49 twilightrealm kernel: LSM support for eBPF active
ago 14 20:42:49 twilightrealm kernel: Mount-cache hash table entries: 16384 (order: 5, 131072 bytes, linear)
ago 14 20:42:49 twilightrealm kernel: Mountpoint-cache hash table entries: 16384 (order: 5, 131072 bytes, linear)
ago 14 20:42:49 twilightrealm kernel: smpboot: CPU0: Intel(R) Core(TM) i7-9750H CPU @ 2.60GHz (family: 0x6, model: 0x9e, stepping: 0xa)
ago 14 20:42:49 twilightrealm kernel: RCU Tasks: Setting shift to 3 and lim to 1 rcu_task_cb_adjust=1 rcu_task_cpu_ids=8.
ago 14 20:42:49 twilightrealm kernel: RCU Tasks Rude: Setting shift to 3 and lim to 1 rcu_task_cb_adjust=1 rcu_task_cpu_ids=8.
ago 14 20:42:49 twilightrealm kernel: RCU Tasks Trace: Setting shift to 3 and lim to 1 rcu_task_cb_adjust=1 rcu_task_cpu_ids=8.
ago 14 20:42:49 twilightrealm kernel: Performance Events: Skylake events, full-width counters, Intel PMU driver.
ago 14 20:42:49 twilightrealm kernel: ... version:                2
ago 14 20:42:49 twilightrealm kernel: ... bit width:              48
ago 14 20:42:49 twilightrealm kernel: ... generic registers:      4
ago 14 20:42:49 twilightrealm kernel: ... value mask:             0000ffffffffffff
ago 14 20:42:49 twilightrealm kernel: ... max period:             00007fffffffffff
ago 14 20:42:49 twilightrealm kernel: ... fixed-purpose events:   3
ago 14 20:42:49 twilightrealm kernel: ... event mask:             000000070000000f
ago 14 20:42:49 twilightrealm kernel: signal: max sigframe size: 2032
ago 14 20:42:49 twilightrealm kernel: rcu: Hierarchical SRCU implementation.
ago 14 20:42:49 twilightrealm kernel: rcu:         Max phase no-delay instances is 400.
ago 14 20:42:49 twilightrealm kernel: smp: Bringing up secondary CPUs ...
ago 14 20:42:49 twilightrealm kernel: smpboot: x86: Booting SMP configuration:
ago 14 20:42:49 twilightrealm kernel: .... node  #0, CPUs:      #1 #2 #3 #4 #5 #6 #7
ago 14 20:42:49 twilightrealm kernel: smpboot: CPU 1 Converting physical 0 to logical die 1
ago 14 20:42:49 twilightrealm kernel: smpboot: CPU 2 Converting physical 0 to logical die 2
ago 14 20:42:49 twilightrealm kernel: smpboot: CPU 3 Converting physical 0 to logical die 3
ago 14 20:42:49 twilightrealm kernel: smpboot: CPU 4 Converting physical 0 to logical die 4
ago 14 20:42:49 twilightrealm kernel: smpboot: CPU 5 Converting physical 0 to logical die 5
ago 14 20:42:49 twilightrealm kernel: smpboot: CPU 6 Converting physical 0 to logical die 6
ago 14 20:42:49 twilightrealm kernel: smpboot: CPU 7 Converting physical 0 to logical die 7
ago 14 20:42:49 twilightrealm kernel: smp: Brought up 1 node, 8 CPUs
ago 14 20:42:49 twilightrealm kernel: smpboot: Max logical packages: 8
ago 14 20:42:49 twilightrealm kernel: smpboot: Total of 8 processors activated (41471.96 BogoMIPS)
ago 14 20:42:49 twilightrealm kernel: devtmpfs: initialized
ago 14 20:42:49 twilightrealm kernel: x86/mm: Memory block size: 128MB
ago 14 20:42:49 twilightrealm kernel: ACPI: PM: Registering ACPI NVS region [mem 0x7eb7f000-0x7ebfefff] (524288 bytes)
ago 14 20:42:49 twilightrealm kernel: ACPI: PM: Registering ACPI NVS region [mem 0x7ef7d000-0x7ef7efff] (8192 bytes)
ago 14 20:42:49 twilightrealm kernel: clocksource: jiffies: mask: 0xffffffff max_cycles: 0xffffffff, max_idle_ns: 1911260446275000 ns
ago 14 20:42:49 twilightrealm kernel: futex hash table entries: 2048 (order: 5, 131072 bytes, linear)
ago 14 20:42:49 twilightrealm kernel: pinctrl core: initialized pinctrl subsystem
ago 14 20:42:49 twilightrealm kernel: PM: RTC time: 19:42:44, date: 2025-08-14
ago 14 20:42:49 twilightrealm kernel: NET: Registered PF_NETLINK/PF_ROUTE protocol family
ago 14 20:42:49 twilightrealm kernel: DMA: preallocated 1024 KiB GFP_KERNEL pool for atomic allocations
ago 14 20:42:49 twilightrealm kernel: DMA: preallocated 1024 KiB GFP_KERNEL|GFP_DMA pool for atomic allocations
ago 14 20:42:49 twilightrealm kernel: DMA: preallocated 1024 KiB GFP_KERNEL|GFP_DMA32 pool for atomic allocations
ago 14 20:42:49 twilightrealm kernel: audit: initializing netlink subsys (disabled)
ago 14 20:42:49 twilightrealm kernel: audit: type=2000 audit(1755200564.415:1): state=initialized audit_enabled=0 res=1
ago 14 20:42:49 twilightrealm kernel: thermal_sys: Registered thermal governor 'bang_bang'
ago 14 20:42:49 twilightrealm kernel: thermal_sys: Registered thermal governor 'step_wise'
ago 14 20:42:49 twilightrealm kernel: thermal_sys: Registered thermal governor 'user_space'
ago 14 20:42:49 twilightrealm kernel: cpuidle: using governor menu
ago 14 20:42:49 twilightrealm kernel: acpiphp: ACPI Hot Plug PCI Controller Driver version: 0.5
ago 14 20:42:49 twilightrealm kernel: PCI: MMCONFIG for domain 0000 [bus 00-ff] at [mem 0xe0000000-0xefffffff] (base 0xe0000000)
ago 14 20:42:49 twilightrealm kernel: PCI: Using configuration type 1 for base access
ago 14 20:42:49 twilightrealm kernel: kprobes: kprobe jump-optimization is enabled. All kprobes are optimized if possible.
ago 14 20:42:49 twilightrealm kernel: HugeTLB: registered 1.00 GiB page size, pre-allocated 0 pages
ago 14 20:42:49 twilightrealm kernel: HugeTLB: 16380 KiB vmemmap can be freed for a 1.00 GiB page
ago 14 20:42:49 twilightrealm kernel: HugeTLB: registered 2.00 MiB page size, pre-allocated 0 pages
ago 14 20:42:49 twilightrealm kernel: HugeTLB: 28 KiB vmemmap can be freed for a 2.00 MiB page
ago 14 20:42:49 twilightrealm kernel: ACPI: Added _OSI(Module Device)
ago 14 20:42:49 twilightrealm kernel: ACPI: Added _OSI(Processor Device)
ago 14 20:42:49 twilightrealm kernel: ACPI: Added _OSI(Processor Aggregator Device)
ago 14 20:42:49 twilightrealm kernel: ACPI: 1 ACPI AML tables successfully acquired and loaded
ago 14 20:42:49 twilightrealm kernel: ACPI: _OSC evaluation for CPUs failed, trying _PDC
ago 14 20:42:49 twilightrealm kernel: ACPI: Interpreter enabled
ago 14 20:42:49 twilightrealm kernel: ACPI: PM: (supports S0 S5)
ago 14 20:42:49 twilightrealm kernel: ACPI: Using IOAPIC for interrupt routing
ago 14 20:42:49 twilightrealm kernel: PCI: Using host bridge windows from ACPI; if necessary, use "pci=nocrs" and report a bug
ago 14 20:42:49 twilightrealm kernel: PCI: Ignoring E820 reservations for host bridge windows
ago 14 20:42:49 twilightrealm kernel: ACPI: Enabled 2 GPEs in block 00 to 3F
ago 14 20:42:49 twilightrealm kernel: ACPI: PCI Root Bridge [PCI0] (domain 0000 [bus 00-ff])
ago 14 20:42:49 twilightrealm kernel: acpi PNP0A08:00: _OSC: OS supports [ExtendedConfig ASPM ClockPM Segments MSI HPX-Type3]
ago 14 20:42:49 twilightrealm kernel: acpi PNP0A08:00: _OSC: platform does not support [PCIeHotplug LTR]
ago 14 20:42:49 twilightrealm kernel: acpi PNP0A08:00: _OSC: OS now controls [PME PCIeCapability]
ago 14 20:42:49 twilightrealm kernel: PCI host bridge to bus 0000:00
ago 14 20:42:49 twilightrealm kernel: pci_bus 0000:00: root bus resource [io  0x0000-0x0cf7 window]
ago 14 20:42:49 twilightrealm kernel: pci_bus 0000:00: root bus resource [io  0x0d00-0xffff window]
ago 14 20:42:49 twilightrealm kernel: pci_bus 0000:00: root bus resource [mem 0x000a0000-0x000bffff window]
ago 14 20:42:49 twilightrealm kernel: pci_bus 0000:00: root bus resource [mem 0x80000000-0xdfffffff window]
ago 14 20:42:49 twilightrealm kernel: pci_bus 0000:00: root bus resource [mem 0xf0000000-0xfebfffff window]
ago 14 20:42:49 twilightrealm kernel: pci_bus 0000:00: root bus resource [mem 0x7000000000-0x77ffffffff window]
ago 14 20:42:49 twilightrealm kernel: pci_bus 0000:00: root bus resource [bus 00-ff]
ago 14 20:42:49 twilightrealm kernel: pci 0000:00:00.0: [8086:29c0] type 00 class 0x060000
ago 14 20:42:49 twilightrealm kernel: pci 0000:00:01.0: [1b36:0100] type 00 class 0x030000
ago 14 20:42:49 twilightrealm kernel: pci 0000:00:01.0: reg 0x10: [mem 0x84000000-0x87ffffff]
ago 14 20:42:49 twilightrealm kernel: pci 0000:00:01.0: reg 0x14: [mem 0x80000000-0x83ffffff]
ago 14 20:42:49 twilightrealm kernel: pci 0000:00:01.0: reg 0x18: [mem 0x8ce44000-0x8ce45fff]
ago 14 20:42:49 twilightrealm kernel: pci 0000:00:01.0: reg 0x1c: [io  0x6060-0x607f]
ago 14 20:42:49 twilightrealm kernel: pci 0000:00:01.0: reg 0x30: [mem 0xffff0000-0xffffffff pref]
ago 14 20:42:49 twilightrealm kernel: pci 0000:00:01.0: BAR 0: assigned to efifb
ago 14 20:42:49 twilightrealm kernel: pci 0000:00:01.0: Video device with shadowed ROM at [mem 0x000c0000-0x000dffff]
ago 14 20:42:49 twilightrealm kernel: pci 0000:00:02.0: [1b36:000c] type 01 class 0x060400
ago 14 20:42:49 twilightrealm kernel: pci 0000:00:02.0: reg 0x10: [mem 0x8ce55000-0x8ce55fff]
ago 14 20:42:49 twilightrealm kernel: pci 0000:00:02.0: enabling Extended Tags
ago 14 20:42:49 twilightrealm kernel: pci 0000:00:02.1: [1b36:000c] type 01 class 0x060400
ago 14 20:42:49 twilightrealm kernel: pci 0000:00:02.1: reg 0x10: [mem 0x8ce54000-0x8ce54fff]
ago 14 20:42:49 twilightrealm kernel: pci 0000:00:02.1: enabling Extended Tags
ago 14 20:42:49 twilightrealm kernel: pci 0000:00:02.2: [1b36:000c] type 01 class 0x060400
ago 14 20:42:49 twilightrealm kernel: pci 0000:00:02.2: reg 0x10: [mem 0x8ce53000-0x8ce53fff]
ago 14 20:42:49 twilightrealm kernel: pci 0000:00:02.2: enabling Extended Tags
ago 14 20:42:49 twilightrealm kernel: pci 0000:00:02.3: [1b36:000c] type 01 class 0x060400
ago 14 20:42:49 twilightrealm kernel: pci 0000:00:02.3: reg 0x10: [mem 0x8ce52000-0x8ce52fff]
ago 14 20:42:49 twilightrealm kernel: pci 0000:00:02.3: enabling Extended Tags
ago 14 20:42:49 twilightrealm kernel: pci 0000:00:02.4: [1b36:000c] type 01 class 0x060400
ago 14 20:42:49 twilightrealm kernel: pci 0000:00:02.4: reg 0x10: [mem 0x8ce51000-0x8ce51fff]
ago 14 20:42:49 twilightrealm kernel: pci 0000:00:02.4: enabling Extended Tags
ago 14 20:42:49 twilightrealm kernel: pci 0000:00:02.5: [1b36:000c] type 01 class 0x060400
ago 14 20:42:49 twilightrealm kernel: pci 0000:00:02.5: reg 0x10: [mem 0x8ce50000-0x8ce50fff]
ago 14 20:42:49 twilightrealm kernel: pci 0000:00:02.5: enabling Extended Tags
ago 14 20:42:49 twilightrealm kernel: pci 0000:00:02.6: [1b36:000c] type 01 class 0x060400
ago 14 20:42:49 twilightrealm kernel: pci 0000:00:02.6: reg 0x10: [mem 0x8ce4f000-0x8ce4ffff]
ago 14 20:42:49 twilightrealm kernel: pci 0000:00:02.6: enabling Extended Tags
ago 14 20:42:49 twilightrealm kernel: pci 0000:00:02.7: [1b36:000c] type 01 class 0x060400
ago 14 20:42:49 twilightrealm kernel: pci 0000:00:02.7: reg 0x10: [mem 0x8ce4e000-0x8ce4efff]
ago 14 20:42:49 twilightrealm kernel: pci 0000:00:02.7: enabling Extended Tags
ago 14 20:42:49 twilightrealm kernel: pci 0000:00:03.0: [1b36:000c] type 01 class 0x060400
ago 14 20:42:49 twilightrealm kernel: pci 0000:00:03.0: reg 0x10: [mem 0x8ce4d000-0x8ce4dfff]
ago 14 20:42:49 twilightrealm kernel: pci 0000:00:03.0: enabling Extended Tags
ago 14 20:42:49 twilightrealm kernel: pci 0000:00:03.1: [1b36:000c] type 01 class 0x060400
ago 14 20:42:49 twilightrealm kernel: pci 0000:00:03.1: reg 0x10: [mem 0x8ce4c000-0x8ce4cfff]
ago 14 20:42:49 twilightrealm kernel: pci 0000:00:03.1: enabling Extended Tags
ago 14 20:42:49 twilightrealm kernel: pci 0000:00:03.2: [1b36:000c] type 01 class 0x060400
ago 14 20:42:49 twilightrealm kernel: pci 0000:00:03.2: reg 0x10: [mem 0x8ce4b000-0x8ce4bfff]
ago 14 20:42:49 twilightrealm kernel: pci 0000:00:03.2: enabling Extended Tags
ago 14 20:42:49 twilightrealm kernel: pci 0000:00:03.3: [1b36:000c] type 01 class 0x060400
ago 14 20:42:49 twilightrealm kernel: pci 0000:00:03.3: reg 0x10: [mem 0x8ce4a000-0x8ce4afff]
ago 14 20:42:49 twilightrealm kernel: pci 0000:00:03.3: enabling Extended Tags
ago 14 20:42:49 twilightrealm kernel: pci 0000:00:03.4: [1b36:000c] type 01 class 0x060400
ago 14 20:42:49 twilightrealm kernel: pci 0000:00:03.4: reg 0x10: [mem 0x8ce49000-0x8ce49fff]
ago 14 20:42:49 twilightrealm kernel: pci 0000:00:03.4: enabling Extended Tags
ago 14 20:42:49 twilightrealm kernel: pci 0000:00:03.5: [1b36:000c] type 01 class 0x060400
ago 14 20:42:49 twilightrealm kernel: pci 0000:00:03.5: reg 0x10: [mem 0x8ce48000-0x8ce48fff]
ago 14 20:42:49 twilightrealm kernel: pci 0000:00:03.5: enabling Extended Tags
ago 14 20:42:49 twilightrealm kernel: pci 0000:00:03.6: [1b36:000c] type 01 class 0x060400
ago 14 20:42:49 twilightrealm kernel: pci 0000:00:03.6: reg 0x10: [mem 0x8ce47000-0x8ce47fff]
ago 14 20:42:49 twilightrealm kernel: pci 0000:00:03.6: enabling Extended Tags
ago 14 20:42:49 twilightrealm kernel: pci 0000:00:1b.0: [8086:293e] type 00 class 0x040300
ago 14 20:42:49 twilightrealm kernel: pci 0000:00:1b.0: reg 0x10: [mem 0x8ce40000-0x8ce43fff]
ago 14 20:42:49 twilightrealm kernel: pci 0000:00:1f.0: [8086:2918] type 00 class 0x060100
ago 14 20:42:49 twilightrealm kernel: pci 0000:00:1f.0: quirk: [io  0x0600-0x067f] claimed by ICH6 ACPI/GPIO/TCO
ago 14 20:42:49 twilightrealm kernel: pci 0000:00:1f.2: [8086:2922] type 00 class 0x010601
ago 14 20:42:49 twilightrealm kernel: pci 0000:00:1f.2: reg 0x20: [io  0x6040-0x605f]
ago 14 20:42:49 twilightrealm kernel: pci 0000:00:1f.2: reg 0x24: [mem 0x8ce46000-0x8ce46fff]
ago 14 20:42:49 twilightrealm kernel: pci 0000:00:1f.3: [8086:2930] type 00 class 0x0c0500
ago 14 20:42:49 twilightrealm kernel: pci 0000:00:1f.3: reg 0x20: [io  0x6000-0x603f]
ago 14 20:42:49 twilightrealm kernel: acpiphp: Slot [0] registered
ago 14 20:42:49 twilightrealm kernel: pci 0000:01:00.0: [1af4:1041] type 00 class 0x020000
ago 14 20:42:49 twilightrealm kernel: pci 0000:01:00.0: reg 0x14: [mem 0x8cc00000-0x8cc00fff]
ago 14 20:42:49 twilightrealm kernel: pci 0000:01:00.0: reg 0x20: [mem 0x7000000000-0x7000003fff 64bit pref]
ago 14 20:42:49 twilightrealm kernel: pci 0000:01:00.0: reg 0x30: [mem 0xfffc0000-0xffffffff pref]
ago 14 20:42:49 twilightrealm kernel: pci 0000:01:00.0: enabling Extended Tags
ago 14 20:42:49 twilightrealm kernel: pci 0000:00:02.0: PCI bridge to [bus 01]
ago 14 20:42:49 twilightrealm kernel: pci 0000:00:02.0:   bridge window [mem 0x8cc00000-0x8cdfffff]
ago 14 20:42:49 twilightrealm kernel: pci 0000:00:02.0:   bridge window [mem 0x7000000000-0x700fffffff 64bit pref]
ago 14 20:42:49 twilightrealm kernel: acpiphp: Slot [0-1] registered
ago 14 20:42:49 twilightrealm kernel: pci 0000:02:00.0: [1b36:000d] type 00 class 0x0c0330
ago 14 20:42:49 twilightrealm kernel: pci 0000:02:00.0: reg 0x10: [mem 0x8ca00000-0x8ca03fff 64bit]
ago 14 20:42:49 twilightrealm kernel: pci 0000:02:00.0: enabling Extended Tags
ago 14 20:42:49 twilightrealm kernel: pci 0000:00:02.1: PCI bridge to [bus 02]
ago 14 20:42:49 twilightrealm kernel: pci 0000:00:02.1:   bridge window [mem 0x8ca00000-0x8cbfffff]
ago 14 20:42:49 twilightrealm kernel: pci 0000:00:02.1:   bridge window [mem 0x7010000000-0x701fffffff 64bit pref]
ago 14 20:42:49 twilightrealm kernel: acpiphp: Slot [0-2] registered
ago 14 20:42:49 twilightrealm kernel: pci 0000:03:00.0: [1af4:1043] type 00 class 0x078000
ago 14 20:42:49 twilightrealm kernel: pci 0000:03:00.0: reg 0x14: [mem 0x8c800000-0x8c800fff]
ago 14 20:42:49 twilightrealm kernel: pci 0000:03:00.0: reg 0x20: [mem 0x7020000000-0x7020003fff 64bit pref]
ago 14 20:42:49 twilightrealm kernel: pci 0000:03:00.0: enabling Extended Tags
ago 14 20:42:49 twilightrealm kernel: pci 0000:00:02.2: PCI bridge to [bus 03]
ago 14 20:42:49 twilightrealm kernel: pci 0000:00:02.2:   bridge window [mem 0x8c800000-0x8c9fffff]
ago 14 20:42:49 twilightrealm kernel: pci 0000:00:02.2:   bridge window [mem 0x7020000000-0x702fffffff 64bit pref]
ago 14 20:42:49 twilightrealm kernel: acpiphp: Slot [0-3] registered
ago 14 20:42:49 twilightrealm kernel: pci 0000:04:00.0: [1af4:1042] type 00 class 0x010000
ago 14 20:42:49 twilightrealm kernel: pci 0000:04:00.0: reg 0x14: [mem 0x8c600000-0x8c600fff]
ago 14 20:42:49 twilightrealm kernel: pci 0000:04:00.0: reg 0x20: [mem 0x7030000000-0x7030003fff 64bit pref]
ago 14 20:42:49 twilightrealm kernel: pci 0000:04:00.0: enabling Extended Tags
ago 14 20:42:49 twilightrealm kernel: pci 0000:00:02.3: PCI bridge to [bus 04]
ago 14 20:42:49 twilightrealm kernel: pci 0000:00:02.3:   bridge window [mem 0x8c600000-0x8c7fffff]
ago 14 20:42:49 twilightrealm kernel: pci 0000:00:02.3:   bridge window [mem 0x7030000000-0x703fffffff 64bit pref]
ago 14 20:42:49 twilightrealm kernel: acpiphp: Slot [0-4] registered
ago 14 20:42:49 twilightrealm kernel: pci 0000:05:00.0: [1af4:1045] type 00 class 0x00ff00
ago 14 20:42:49 twilightrealm kernel: pci 0000:05:00.0: reg 0x20: [mem 0x7040000000-0x7040003fff 64bit pref]
ago 14 20:42:49 twilightrealm kernel: pci 0000:05:00.0: enabling Extended Tags
ago 14 20:42:49 twilightrealm kernel: pci 0000:00:02.4: PCI bridge to [bus 05]
ago 14 20:42:49 twilightrealm kernel: pci 0000:00:02.4:   bridge window [mem 0x8c400000-0x8c5fffff]
ago 14 20:42:49 twilightrealm kernel: pci 0000:00:02.4:   bridge window [mem 0x7040000000-0x704fffffff 64bit pref]
ago 14 20:42:49 twilightrealm kernel: acpiphp: Slot [0-5] registered
ago 14 20:42:49 twilightrealm kernel: pci 0000:06:00.0: [1af4:1044] type 00 class 0x00ff00
ago 14 20:42:49 twilightrealm kernel: pci 0000:06:00.0: reg 0x14: [mem 0x8c200000-0x8c200fff]
ago 14 20:42:49 twilightrealm kernel: pci 0000:06:00.0: reg 0x20: [mem 0x7050000000-0x7050003fff 64bit pref]
ago 14 20:42:49 twilightrealm kernel: pci 0000:06:00.0: enabling Extended Tags
ago 14 20:42:49 twilightrealm kernel: pci 0000:00:02.5: PCI bridge to [bus 06]
ago 14 20:42:49 twilightrealm kernel: pci 0000:00:02.5:   bridge window [mem 0x8c200000-0x8c3fffff]
ago 14 20:42:49 twilightrealm kernel: pci 0000:00:02.5:   bridge window [mem 0x7050000000-0x705fffffff 64bit pref]
ago 14 20:42:49 twilightrealm kernel: acpiphp: Slot [0-6] registered
ago 14 20:42:49 twilightrealm kernel: pci 0000:07:00.0: [10de:1e30] type 00 class 0x030000
ago 14 20:42:49 twilightrealm kernel: pci 0000:07:00.0: reg 0x10: [mem 0x8a000000-0x8affffff]
ago 14 20:42:49 twilightrealm kernel: pci 0000:07:00.0: reg 0x14: [mem 0x7060000000-0x706fffffff 64bit pref]
ago 14 20:42:49 twilightrealm kernel: pci 0000:07:00.0: reg 0x1c: [mem 0x88000000-0x89ffffff 64bit]
ago 14 20:42:49 twilightrealm kernel: pci 0000:07:00.0: Enabling HDA controller
ago 14 20:42:49 twilightrealm kernel: pci 0000:00:02.6: PCI bridge to [bus 07]
ago 14 20:42:49 twilightrealm kernel: pci 0000:00:02.6:   bridge window [mem 0x88000000-0x8affffff]
ago 14 20:42:49 twilightrealm kernel: pci 0000:00:02.6:   bridge window [mem 0x7060000000-0x706fffffff 64bit pref]
ago 14 20:42:49 twilightrealm kernel: pci 0000:08:00.0: [1b36:000e] type 01 class 0x060400
ago 14 20:42:49 twilightrealm kernel: pci 0000:08:00.0: reg 0x10: [mem 0x8c000000-0x8c0000ff 64bit]
ago 14 20:42:49 twilightrealm kernel: pci 0000:08:00.0: enabling Extended Tags
ago 14 20:42:49 twilightrealm kernel: pci 0000:00:02.7: PCI bridge to [bus 08-09]
ago 14 20:42:49 twilightrealm kernel: pci 0000:00:02.7:   bridge window [mem 0x8be00000-0x8c0fffff]
ago 14 20:42:49 twilightrealm kernel: pci 0000:00:02.7:   bridge window [mem 0x7070000000-0x707fffffff 64bit pref]
ago 14 20:42:49 twilightrealm kernel: pci_bus 0000:09: extended config space not accessible
ago 14 20:42:49 twilightrealm kernel: acpiphp: Slot [1] registered
ago 14 20:42:49 twilightrealm kernel: acpiphp: Slot [0-7] registered
ago 14 20:42:49 twilightrealm kernel: acpiphp: Slot [2] registered
ago 14 20:42:49 twilightrealm kernel: acpiphp: Slot [3] registered
ago 14 20:42:49 twilightrealm kernel: acpiphp: Slot [4] registered
ago 14 20:42:49 twilightrealm kernel: acpiphp: Slot [5] registered
ago 14 20:42:49 twilightrealm kernel: acpiphp: Slot [6] registered
ago 14 20:42:49 twilightrealm kernel: acpiphp: Slot [7] registered
ago 14 20:42:49 twilightrealm kernel: acpiphp: Slot [8] registered
ago 14 20:42:49 twilightrealm kernel: acpiphp: Slot [9] registered
ago 14 20:42:49 twilightrealm kernel: acpiphp: Slot [10] registered
ago 14 20:42:49 twilightrealm kernel: acpiphp: Slot [11] registered
ago 14 20:42:49 twilightrealm kernel: acpiphp: Slot [12] registered
ago 14 20:42:49 twilightrealm kernel: acpiphp: Slot [13] registered
ago 14 20:42:49 twilightrealm kernel: acpiphp: Slot [14] registered
ago 14 20:42:49 twilightrealm kernel: acpiphp: Slot [15] registered
ago 14 20:42:49 twilightrealm kernel: acpiphp: Slot [16] registered
ago 14 20:42:49 twilightrealm kernel: acpiphp: Slot [17] registered
ago 14 20:42:49 twilightrealm kernel: acpiphp: Slot [18] registered
ago 14 20:42:49 twilightrealm kernel: acpiphp: Slot [19] registered
ago 14 20:42:49 twilightrealm kernel: acpiphp: Slot [20] registered
ago 14 20:42:49 twilightrealm kernel: acpiphp: Slot [21] registered
ago 14 20:42:49 twilightrealm kernel: acpiphp: Slot [22] registered
ago 14 20:42:49 twilightrealm kernel: acpiphp: Slot [23] registered
ago 14 20:42:49 twilightrealm kernel: acpiphp: Slot [24] registered
ago 14 20:42:49 twilightrealm kernel: acpiphp: Slot [25] registered
ago 14 20:42:49 twilightrealm kernel: acpiphp: Slot [26] registered
ago 14 20:42:49 twilightrealm kernel: acpiphp: Slot [27] registered
ago 14 20:42:49 twilightrealm kernel: acpiphp: Slot [28] registered
ago 14 20:42:49 twilightrealm kernel: acpiphp: Slot [29] registered
ago 14 20:42:49 twilightrealm kernel: acpiphp: Slot [30] registered
ago 14 20:42:49 twilightrealm kernel: acpiphp: Slot [31] registered
ago 14 20:42:49 twilightrealm kernel: pci 0000:09:01.0: [1af4:1110] type 00 class 0x050000
ago 14 20:42:49 twilightrealm kernel: pci 0000:09:01.0: reg 0x10: [mem 0x8be00000-0x8be000ff]
ago 14 20:42:49 twilightrealm kernel: pci 0000:09:01.0: reg 0x18: [mem 0x7070000000-0x7073ffffff 64bit pref]
ago 14 20:42:49 twilightrealm kernel: pci 0000:08:00.0: PCI bridge to [bus 09]
ago 14 20:42:49 twilightrealm kernel: pci 0000:08:00.0:   bridge window [mem 0x8be00000-0x8bffffff]
ago 14 20:42:49 twilightrealm kernel: pci 0000:08:00.0:   bridge window [mem 0x7070000000-0x707fffffff 64bit pref]
ago 14 20:42:49 twilightrealm kernel: acpiphp: Slot [0-8] registered
ago 14 20:42:49 twilightrealm kernel: pci 0000:00:03.0: PCI bridge to [bus 0a]
ago 14 20:42:49 twilightrealm kernel: pci 0000:00:03.0:   bridge window [mem 0x8bc00000-0x8bdfffff]
ago 14 20:42:49 twilightrealm kernel: pci 0000:00:03.0:   bridge window [mem 0x7080000000-0x708fffffff 64bit pref]
ago 14 20:42:49 twilightrealm kernel: acpiphp: Slot [0-9] registered
ago 14 20:42:49 twilightrealm kernel: pci 0000:00:03.1: PCI bridge to [bus 0b]
ago 14 20:42:49 twilightrealm kernel: pci 0000:00:03.1:   bridge window [mem 0x8ba00000-0x8bbfffff]
ago 14 20:42:49 twilightrealm kernel: pci 0000:00:03.1:   bridge window [mem 0x7090000000-0x709fffffff 64bit pref]
ago 14 20:42:49 twilightrealm kernel: acpiphp: Slot [0-10] registered
ago 14 20:42:49 twilightrealm kernel: pci 0000:00:03.2: PCI bridge to [bus 0c]
ago 14 20:42:49 twilightrealm kernel: pci 0000:00:03.2:   bridge window [mem 0x8b800000-0x8b9fffff]
ago 14 20:42:49 twilightrealm kernel: pci 0000:00:03.2:   bridge window [mem 0x70a0000000-0x70afffffff 64bit pref]
ago 14 20:42:49 twilightrealm kernel: acpiphp: Slot [0-11] registered
ago 14 20:42:49 twilightrealm kernel: pci 0000:00:03.3: PCI bridge to [bus 0d]
ago 14 20:42:49 twilightrealm kernel: pci 0000:00:03.3:   bridge window [mem 0x8b600000-0x8b7fffff]
ago 14 20:42:49 twilightrealm kernel: pci 0000:00:03.3:   bridge window [mem 0x70b0000000-0x70bfffffff 64bit pref]
ago 14 20:42:49 twilightrealm kernel: acpiphp: Slot [0-12] registered
ago 14 20:42:49 twilightrealm kernel: pci 0000:00:03.4: PCI bridge to [bus 0e]
ago 14 20:42:49 twilightrealm kernel: pci 0000:00:03.4:   bridge window [mem 0x8b400000-0x8b5fffff]
ago 14 20:42:49 twilightrealm kernel: pci 0000:00:03.4:   bridge window [mem 0x70c0000000-0x70cfffffff 64bit pref]
ago 14 20:42:49 twilightrealm kernel: acpiphp: Slot [0-13] registered
ago 14 20:42:49 twilightrealm kernel: pci 0000:00:03.5: PCI bridge to [bus 0f]
ago 14 20:42:49 twilightrealm kernel: pci 0000:00:03.5:   bridge window [mem 0x8b200000-0x8b3fffff]
ago 14 20:42:49 twilightrealm kernel: pci 0000:00:03.5:   bridge window [mem 0x70d0000000-0x70dfffffff 64bit pref]
ago 14 20:42:49 twilightrealm kernel: acpiphp: Slot [0-14] registered
ago 14 20:42:49 twilightrealm kernel: pci 0000:00:03.6: PCI bridge to [bus 10]
ago 14 20:42:49 twilightrealm kernel: pci 0000:00:03.6:   bridge window [mem 0x8b000000-0x8b1fffff]
ago 14 20:42:49 twilightrealm kernel: pci 0000:00:03.6:   bridge window [mem 0x70e0000000-0x70efffffff 64bit pref]
ago 14 20:42:49 twilightrealm kernel: ACPI: PCI: Interrupt link LNKA configured for IRQ 10
ago 14 20:42:49 twilightrealm kernel: ACPI: PCI: Interrupt link LNKB configured for IRQ 10
ago 14 20:42:49 twilightrealm kernel: ACPI: PCI: Interrupt link LNKC configured for IRQ 11
ago 14 20:42:49 twilightrealm kernel: ACPI: PCI: Interrupt link LNKD configured for IRQ 11
ago 14 20:42:49 twilightrealm kernel: ACPI: PCI: Interrupt link LNKE configured for IRQ 10
ago 14 20:42:49 twilightrealm kernel: ACPI: PCI: Interrupt link LNKF configured for IRQ 10
ago 14 20:42:49 twilightrealm kernel: ACPI: PCI: Interrupt link LNKG configured for IRQ 11
ago 14 20:42:49 twilightrealm kernel: ACPI: PCI: Interrupt link LNKH configured for IRQ 11
ago 14 20:42:49 twilightrealm kernel: ACPI: PCI: Interrupt link GSIA configured for IRQ 16
ago 14 20:42:49 twilightrealm kernel: ACPI: PCI: Interrupt link GSIB configured for IRQ 17
ago 14 20:42:49 twilightrealm kernel: ACPI: PCI: Interrupt link GSIC configured for IRQ 18
ago 14 20:42:49 twilightrealm kernel: ACPI: PCI: Interrupt link GSID configured for IRQ 19
ago 14 20:42:49 twilightrealm kernel: ACPI: PCI: Interrupt link GSIE configured for IRQ 20
ago 14 20:42:49 twilightrealm kernel: ACPI: PCI: Interrupt link GSIF configured for IRQ 21
ago 14 20:42:49 twilightrealm kernel: ACPI: PCI: Interrupt link GSIG configured for IRQ 22
ago 14 20:42:49 twilightrealm kernel: ACPI: PCI: Interrupt link GSIH configured for IRQ 23
ago 14 20:42:49 twilightrealm kernel: iommu: Default domain type: Translated
ago 14 20:42:49 twilightrealm kernel: iommu: DMA domain TLB invalidation policy: lazy mode
ago 14 20:42:49 twilightrealm kernel: ACPI: bus type USB registered
ago 14 20:42:49 twilightrealm kernel: usbcore: registered new interface driver usbfs
ago 14 20:42:49 twilightrealm kernel: usbcore: registered new interface driver hub
ago 14 20:42:49 twilightrealm kernel: usbcore: registered new device driver usb
ago 14 20:42:49 twilightrealm kernel: efivars: Registered efivars operations
ago 14 20:42:49 twilightrealm kernel: NetLabel: Initializing
ago 14 20:42:49 twilightrealm kernel: NetLabel:  domain hash size = 128
ago 14 20:42:49 twilightrealm kernel: NetLabel:  protocols = UNLABELED CIPSOv4 CALIPSO
ago 14 20:42:49 twilightrealm kernel: NetLabel:  unlabeled traffic allowed by default
ago 14 20:42:49 twilightrealm kernel: PCI: Using ACPI for IRQ routing
ago 14 20:42:49 twilightrealm kernel: PCI: pci_cache_line_size set to 64 bytes
ago 14 20:42:49 twilightrealm kernel: e820: reserve RAM buffer [mem 0x0009f000-0x0009ffff]
ago 14 20:42:49 twilightrealm kernel: e820: reserve RAM buffer [mem 0x7b719018-0x7bffffff]
ago 14 20:42:49 twilightrealm kernel: e820: reserve RAM buffer [mem 0x7b741018-0x7bffffff]
ago 14 20:42:49 twilightrealm kernel: e820: reserve RAM buffer [mem 0x7cf06000-0x7fffffff]
ago 14 20:42:49 twilightrealm kernel: e820: reserve RAM buffer [mem 0x7e8ed000-0x7fffffff]
ago 14 20:42:49 twilightrealm kernel: e820: reserve RAM buffer [mem 0x7ef79000-0x7fffffff]
ago 14 20:42:49 twilightrealm kernel: e820: reserve RAM buffer [mem 0x7f000000-0x7fffffff]
ago 14 20:42:49 twilightrealm kernel: e820: reserve RAM buffer [mem 0x278800000-0x27bffffff]
ago 14 20:42:49 twilightrealm kernel: pci 0000:00:01.0: vgaarb: setting as boot VGA device
ago 14 20:42:49 twilightrealm kernel: pci 0000:00:01.0: vgaarb: bridge control possible
ago 14 20:42:49 twilightrealm kernel: pci 0000:00:01.0: vgaarb: VGA device added: decodes=io+mem,owns=io+mem,locks=none
ago 14 20:42:49 twilightrealm kernel: pci 0000:07:00.0: vgaarb: bridge control possible
ago 14 20:42:49 twilightrealm kernel: pci 0000:07:00.0: vgaarb: VGA device added: decodes=io+mem,owns=none,locks=none
ago 14 20:42:49 twilightrealm kernel: vgaarb: loaded
ago 14 20:42:49 twilightrealm kernel: clocksource: Switched to clocksource kvm-clock
ago 14 20:42:49 twilightrealm kernel: VFS: Disk quotas dquot_6.6.0
ago 14 20:42:49 twilightrealm kernel: VFS: Dquot-cache hash table entries: 512 (order 0, 4096 bytes)
ago 14 20:42:49 twilightrealm kernel: pnp: PnP ACPI init
ago 14 20:42:49 twilightrealm kernel: system 00:04: [mem 0xe0000000-0xefffffff window] has been reserved
ago 14 20:42:49 twilightrealm kernel: pnp: PnP ACPI: found 5 devices
ago 14 20:42:49 twilightrealm kernel: clocksource: acpi_pm: mask: 0xffffff max_cycles: 0xffffff, max_idle_ns: 2085701024 ns
ago 14 20:42:49 twilightrealm kernel: NET: Registered PF_INET protocol family
ago 14 20:42:49 twilightrealm kernel: IP idents hash table entries: 131072 (order: 8, 1048576 bytes, linear)
ago 14 20:42:49 twilightrealm kernel: tcp_listen_portaddr_hash hash table entries: 4096 (order: 4, 65536 bytes, linear)
ago 14 20:42:49 twilightrealm kernel: Table-perturb hash table entries: 65536 (order: 6, 262144 bytes, linear)
ago 14 20:42:49 twilightrealm kernel: TCP established hash table entries: 65536 (order: 7, 524288 bytes, linear)
ago 14 20:42:49 twilightrealm kernel: TCP bind hash table entries: 65536 (order: 9, 2097152 bytes, linear)
ago 14 20:42:49 twilightrealm kernel: TCP: Hash tables configured (established 65536 bind 65536)
ago 14 20:42:49 twilightrealm kernel: MPTCP token hash table entries: 8192 (order: 5, 196608 bytes, linear)
ago 14 20:42:49 twilightrealm kernel: UDP hash table entries: 4096 (order: 5, 131072 bytes, linear)
ago 14 20:42:49 twilightrealm kernel: UDP-Lite hash table entries: 4096 (order: 5, 131072 bytes, linear)
ago 14 20:42:49 twilightrealm kernel: NET: Registered PF_UNIX/PF_LOCAL protocol family
ago 14 20:42:49 twilightrealm kernel: NET: Registered PF_XDP protocol family
ago 14 20:42:49 twilightrealm kernel: pci 0000:01:00.0: can't claim BAR 6 [mem 0xfffc0000-0xffffffff pref]: no compatible bridge window
ago 14 20:42:49 twilightrealm kernel: pci 0000:00:02.0: bridge window [io  0x1000-0x0fff] to [bus 01] add_size 1000
ago 14 20:42:49 twilightrealm kernel: pci 0000:00:02.1: bridge window [io  0x1000-0x0fff] to [bus 02] add_size 1000
ago 14 20:42:49 twilightrealm kernel: pci 0000:00:02.2: bridge window [io  0x1000-0x0fff] to [bus 03] add_size 1000
ago 14 20:42:49 twilightrealm kernel: pci 0000:00:02.3: bridge window [io  0x1000-0x0fff] to [bus 04] add_size 1000
ago 14 20:42:49 twilightrealm kernel: pci 0000:00:02.4: bridge window [io  0x1000-0x0fff] to [bus 05] add_size 1000
ago 14 20:42:49 twilightrealm kernel: pci 0000:00:02.5: bridge window [io  0x1000-0x0fff] to [bus 06] add_size 1000
ago 14 20:42:49 twilightrealm kernel: pci 0000:00:02.6: bridge window [io  0x1000-0x0fff] to [bus 07] add_size 1000
ago 14 20:42:49 twilightrealm kernel: pci 0000:00:02.7: bridge window [io  0x1000-0x0fff] to [bus 08-09] add_size 1000
ago 14 20:42:49 twilightrealm kernel: pci 0000:00:03.0: bridge window [io  0x1000-0x0fff] to [bus 0a] add_size 1000
ago 14 20:42:49 twilightrealm kernel: pci 0000:00:03.1: bridge window [io  0x1000-0x0fff] to [bus 0b] add_size 1000
ago 14 20:42:49 twilightrealm kernel: pci 0000:00:03.2: bridge window [io  0x1000-0x0fff] to [bus 0c] add_size 1000
ago 14 20:42:49 twilightrealm kernel: pci 0000:00:03.3: bridge window [io  0x1000-0x0fff] to [bus 0d] add_size 1000
ago 14 20:42:49 twilightrealm kernel: pci 0000:00:03.4: bridge window [io  0x1000-0x0fff] to [bus 0e] add_size 1000
ago 14 20:42:49 twilightrealm kernel: pci 0000:00:03.5: bridge window [io  0x1000-0x0fff] to [bus 0f] add_size 1000
ago 14 20:42:49 twilightrealm kernel: pci 0000:00:03.6: bridge window [io  0x1000-0x0fff] to [bus 10] add_size 1000
ago 14 20:42:49 twilightrealm kernel: pci 0000:00:02.0: BAR 13: assigned [io  0x1000-0x1fff]
ago 14 20:42:49 twilightrealm kernel: pci 0000:00:02.1: BAR 13: assigned [io  0x2000-0x2fff]
ago 14 20:42:49 twilightrealm kernel: pci 0000:00:02.2: BAR 13: assigned [io  0x3000-0x3fff]
ago 14 20:42:49 twilightrealm kernel: pci 0000:00:02.3: BAR 13: assigned [io  0x4000-0x4fff]
ago 14 20:42:49 twilightrealm kernel: pci 0000:00:02.4: BAR 13: assigned [io  0x5000-0x5fff]
ago 14 20:42:49 twilightrealm kernel: pci 0000:00:02.5: BAR 13: assigned [io  0x7000-0x7fff]
ago 14 20:42:49 twilightrealm kernel: pci 0000:00:02.6: BAR 13: assigned [io  0x8000-0x8fff]
ago 14 20:42:49 twilightrealm kernel: pci 0000:00:02.7: BAR 13: assigned [io  0x9000-0x9fff]
ago 14 20:42:49 twilightrealm kernel: pci 0000:00:03.0: BAR 13: assigned [io  0xa000-0xafff]
ago 14 20:42:49 twilightrealm kernel: pci 0000:00:03.1: BAR 13: assigned [io  0xb000-0xbfff]
ago 14 20:42:49 twilightrealm kernel: pci 0000:00:03.2: BAR 13: assigned [io  0xc000-0xcfff]
ago 14 20:42:49 twilightrealm kernel: pci 0000:00:03.3: BAR 13: assigned [io  0xd000-0xdfff]
ago 14 20:42:49 twilightrealm kernel: pci 0000:00:03.4: BAR 13: assigned [io  0xe000-0xefff]
ago 14 20:42:49 twilightrealm kernel: pci 0000:00:03.5: BAR 13: assigned [io  0xf000-0xffff]
ago 14 20:42:49 twilightrealm kernel: pci 0000:00:03.6: BAR 13: no space for [io  size 0x1000]
ago 14 20:42:49 twilightrealm kernel: pci 0000:00:03.6: BAR 13: failed to assign [io  size 0x1000]
ago 14 20:42:49 twilightrealm kernel: pci 0000:00:03.6: BAR 13: assigned [io  0x1000-0x1fff]
ago 14 20:42:49 twilightrealm kernel: pci 0000:00:03.5: BAR 13: assigned [io  0x2000-0x2fff]
ago 14 20:42:49 twilightrealm kernel: pci 0000:00:03.4: BAR 13: assigned [io  0x3000-0x3fff]
ago 14 20:42:49 twilightrealm kernel: pci 0000:00:03.3: BAR 13: assigned [io  0x4000-0x4fff]
ago 14 20:42:49 twilightrealm kernel: pci 0000:00:03.2: BAR 13: assigned [io  0x5000-0x5fff]
ago 14 20:42:49 twilightrealm kernel: pci 0000:00:03.1: BAR 13: assigned [io  0x7000-0x7fff]
ago 14 20:42:49 twilightrealm kernel: pci 0000:00:03.0: BAR 13: assigned [io  0x8000-0x8fff]
ago 14 20:42:49 twilightrealm kernel: pci 0000:00:02.7: BAR 13: assigned [io  0x9000-0x9fff]
ago 14 20:42:49 twilightrealm kernel: pci 0000:00:02.6: BAR 13: assigned [io  0xa000-0xafff]
ago 14 20:42:49 twilightrealm kernel: pci 0000:00:02.5: BAR 13: assigned [io  0xb000-0xbfff]
ago 14 20:42:49 twilightrealm kernel: pci 0000:00:02.4: BAR 13: assigned [io  0xc000-0xcfff]
ago 14 20:42:49 twilightrealm kernel: pci 0000:00:02.3: BAR 13: assigned [io  0xd000-0xdfff]
ago 14 20:42:49 twilightrealm kernel: pci 0000:00:02.2: BAR 13: assigned [io  0xe000-0xefff]
ago 14 20:42:49 twilightrealm kernel: pci 0000:00:02.1: BAR 13: assigned [io  0xf000-0xffff]
ago 14 20:42:49 twilightrealm kernel: pci 0000:00:02.0: BAR 13: no space for [io  size 0x1000]
ago 14 20:42:49 twilightrealm kernel: pci 0000:00:02.0: BAR 13: failed to assign [io  size 0x1000]
ago 14 20:42:49 twilightrealm kernel: pci 0000:01:00.0: BAR 6: assigned [mem 0x8cc40000-0x8cc7ffff pref]
ago 14 20:42:49 twilightrealm kernel: pci 0000:00:02.0: PCI bridge to [bus 01]
ago 14 20:42:49 twilightrealm kernel: pci 0000:00:02.0:   bridge window [mem 0x8cc00000-0x8cdfffff]
ago 14 20:42:49 twilightrealm kernel: pci 0000:00:02.0:   bridge window [mem 0x7000000000-0x700fffffff 64bit pref]
ago 14 20:42:49 twilightrealm kernel: pci 0000:00:02.1: PCI bridge to [bus 02]
ago 14 20:42:49 twilightrealm kernel: pci 0000:00:02.1:   bridge window [io  0xf000-0xffff]
ago 14 20:42:49 twilightrealm kernel: pci 0000:00:02.1:   bridge window [mem 0x8ca00000-0x8cbfffff]
ago 14 20:42:49 twilightrealm kernel: pci 0000:00:02.1:   bridge window [mem 0x7010000000-0x701fffffff 64bit pref]
ago 14 20:42:49 twilightrealm kernel: pci 0000:00:02.2: PCI bridge to [bus 03]
ago 14 20:42:49 twilightrealm kernel: pci 0000:00:02.2:   bridge window [io  0xe000-0xefff]
ago 14 20:42:49 twilightrealm kernel: pci 0000:00:02.2:   bridge window [mem 0x8c800000-0x8c9fffff]
ago 14 20:42:49 twilightrealm kernel: pci 0000:00:02.2:   bridge window [mem 0x7020000000-0x702fffffff 64bit pref]
ago 14 20:42:49 twilightrealm kernel: pci 0000:00:02.3: PCI bridge to [bus 04]
ago 14 20:42:49 twilightrealm kernel: pci 0000:00:02.3:   bridge window [io  0xd000-0xdfff]
ago 14 20:42:49 twilightrealm kernel: pci 0000:00:02.3:   bridge window [mem 0x8c600000-0x8c7fffff]
ago 14 20:42:49 twilightrealm kernel: pci 0000:00:02.3:   bridge window [mem 0x7030000000-0x703fffffff 64bit pref]
ago 14 20:42:49 twilightrealm kernel: pci 0000:00:02.4: PCI bridge to [bus 05]
ago 14 20:42:49 twilightrealm kernel: pci 0000:00:02.4:   bridge window [io  0xc000-0xcfff]
ago 14 20:42:49 twilightrealm kernel: pci 0000:00:02.4:   bridge window [mem 0x8c400000-0x8c5fffff]
ago 14 20:42:49 twilightrealm kernel: pci 0000:00:02.4:   bridge window [mem 0x7040000000-0x704fffffff 64bit pref]
ago 14 20:42:49 twilightrealm kernel: pci 0000:00:02.5: PCI bridge to [bus 06]
ago 14 20:42:49 twilightrealm kernel: pci 0000:00:02.5:   bridge window [io  0xb000-0xbfff]
ago 14 20:42:49 twilightrealm kernel: pci 0000:00:02.5:   bridge window [mem 0x8c200000-0x8c3fffff]
ago 14 20:42:49 twilightrealm kernel: pci 0000:00:02.5:   bridge window [mem 0x7050000000-0x705fffffff 64bit pref]
ago 14 20:42:49 twilightrealm kernel: pci 0000:00:02.6: PCI bridge to [bus 07]
ago 14 20:42:49 twilightrealm kernel: pci 0000:00:02.6:   bridge window [io  0xa000-0xafff]
ago 14 20:42:49 twilightrealm kernel: pci 0000:00:02.6:   bridge window [mem 0x88000000-0x8affffff]
ago 14 20:42:49 twilightrealm kernel: pci 0000:00:02.6:   bridge window [mem 0x7060000000-0x706fffffff 64bit pref]
ago 14 20:42:49 twilightrealm kernel: pci 0000:08:00.0: PCI bridge to [bus 09]
ago 14 20:42:49 twilightrealm kernel: pci 0000:08:00.0:   bridge window [mem 0x8be00000-0x8bffffff]
ago 14 20:42:49 twilightrealm kernel: pci 0000:08:00.0:   bridge window [mem 0x7070000000-0x707fffffff 64bit pref]
ago 14 20:42:49 twilightrealm kernel: pci 0000:00:02.7: PCI bridge to [bus 08-09]
ago 14 20:42:49 twilightrealm kernel: pci 0000:00:02.7:   bridge window [io  0x9000-0x9fff]
ago 14 20:42:49 twilightrealm kernel: pci 0000:00:02.7:   bridge window [mem 0x8be00000-0x8c0fffff]
ago 14 20:42:49 twilightrealm kernel: pci 0000:00:02.7:   bridge window [mem 0x7070000000-0x707fffffff 64bit pref]
ago 14 20:42:49 twilightrealm kernel: pci 0000:00:03.0: PCI bridge to [bus 0a]
ago 14 20:42:49 twilightrealm kernel: pci 0000:00:03.0:   bridge window [io  0x8000-0x8fff]
ago 14 20:42:49 twilightrealm kernel: pci 0000:00:03.0:   bridge window [mem 0x8bc00000-0x8bdfffff]
ago 14 20:42:49 twilightrealm kernel: pci 0000:00:03.0:   bridge window [mem 0x7080000000-0x708fffffff 64bit pref]
ago 14 20:42:49 twilightrealm kernel: pci 0000:00:03.1: PCI bridge to [bus 0b]
ago 14 20:42:49 twilightrealm kernel: pci 0000:00:03.1:   bridge window [io  0x7000-0x7fff]
ago 14 20:42:49 twilightrealm kernel: pci 0000:00:03.1:   bridge window [mem 0x8ba00000-0x8bbfffff]
ago 14 20:42:49 twilightrealm kernel: pci 0000:00:03.1:   bridge window [mem 0x7090000000-0x709fffffff 64bit pref]
ago 14 20:42:49 twilightrealm kernel: pci 0000:00:03.2: PCI bridge to [bus 0c]
ago 14 20:42:49 twilightrealm kernel: pci 0000:00:03.2:   bridge window [io  0x5000-0x5fff]
ago 14 20:42:49 twilightrealm kernel: pci 0000:00:03.2:   bridge window [mem 0x8b800000-0x8b9fffff]
ago 14 20:42:49 twilightrealm kernel: pci 0000:00:03.2:   bridge window [mem 0x70a0000000-0x70afffffff 64bit pref]
ago 14 20:42:49 twilightrealm kernel: pci 0000:00:03.3: PCI bridge to [bus 0d]
ago 14 20:42:49 twilightrealm kernel: pci 0000:00:03.3:   bridge window [io  0x4000-0x4fff]
ago 14 20:42:49 twilightrealm kernel: pci 0000:00:03.3:   bridge window [mem 0x8b600000-0x8b7fffff]
ago 14 20:42:49 twilightrealm kernel: pci 0000:00:03.3:   bridge window [mem 0x70b0000000-0x70bfffffff 64bit pref]
ago 14 20:42:49 twilightrealm kernel: pci 0000:00:03.4: PCI bridge to [bus 0e]
ago 14 20:42:49 twilightrealm kernel: pci 0000:00:03.4:   bridge window [io  0x3000-0x3fff]
ago 14 20:42:49 twilightrealm kernel: pci 0000:00:03.4:   bridge window [mem 0x8b400000-0x8b5fffff]
ago 14 20:42:49 twilightrealm kernel: pci 0000:00:03.4:   bridge window [mem 0x70c0000000-0x70cfffffff 64bit pref]
ago 14 20:42:49 twilightrealm kernel: pci 0000:00:03.5: PCI bridge to [bus 0f]
ago 14 20:42:49 twilightrealm kernel: pci 0000:00:03.5:   bridge window [io  0x2000-0x2fff]
ago 14 20:42:49 twilightrealm kernel: pci 0000:00:03.5:   bridge window [mem 0x8b200000-0x8b3fffff]
ago 14 20:42:49 twilightrealm kernel: pci 0000:00:03.5:   bridge window [mem 0x70d0000000-0x70dfffffff 64bit pref]
ago 14 20:42:49 twilightrealm kernel: pci 0000:00:03.6: PCI bridge to [bus 10]
ago 14 20:42:49 twilightrealm kernel: pci 0000:00:03.6:   bridge window [io  0x1000-0x1fff]
ago 14 20:42:49 twilightrealm kernel: pci 0000:00:03.6:   bridge window [mem 0x8b000000-0x8b1fffff]
ago 14 20:42:49 twilightrealm kernel: pci 0000:00:03.6:   bridge window [mem 0x70e0000000-0x70efffffff 64bit pref]
ago 14 20:42:49 twilightrealm kernel: pci_bus 0000:00: resource 4 [io  0x0000-0x0cf7 window]
ago 14 20:42:49 twilightrealm kernel: pci_bus 0000:00: resource 5 [io  0x0d00-0xffff window]
ago 14 20:42:49 twilightrealm kernel: pci_bus 0000:00: resource 6 [mem 0x000a0000-0x000bffff window]
ago 14 20:42:49 twilightrealm kernel: pci_bus 0000:00: resource 7 [mem 0x80000000-0xdfffffff window]
ago 14 20:42:49 twilightrealm kernel: pci_bus 0000:00: resource 8 [mem 0xf0000000-0xfebfffff window]
ago 14 20:42:49 twilightrealm kernel: pci_bus 0000:00: resource 9 [mem 0x7000000000-0x77ffffffff window]
ago 14 20:42:49 twilightrealm kernel: pci_bus 0000:01: resource 1 [mem 0x8cc00000-0x8cdfffff]
ago 14 20:42:49 twilightrealm kernel: pci_bus 0000:01: resource 2 [mem 0x7000000000-0x700fffffff 64bit pref]
ago 14 20:42:49 twilightrealm kernel: pci_bus 0000:02: resource 0 [io  0xf000-0xffff]
ago 14 20:42:49 twilightrealm kernel: pci_bus 0000:02: resource 1 [mem 0x8ca00000-0x8cbfffff]
ago 14 20:42:49 twilightrealm kernel: pci_bus 0000:02: resource 2 [mem 0x7010000000-0x701fffffff 64bit pref]
ago 14 20:42:49 twilightrealm kernel: pci_bus 0000:03: resource 0 [io  0xe000-0xefff]
ago 14 20:42:49 twilightrealm kernel: pci_bus 0000:03: resource 1 [mem 0x8c800000-0x8c9fffff]
ago 14 20:42:49 twilightrealm kernel: pci_bus 0000:03: resource 2 [mem 0x7020000000-0x702fffffff 64bit pref]
ago 14 20:42:49 twilightrealm kernel: pci_bus 0000:04: resource 0 [io  0xd000-0xdfff]
ago 14 20:42:49 twilightrealm kernel: pci_bus 0000:04: resource 1 [mem 0x8c600000-0x8c7fffff]
ago 14 20:42:49 twilightrealm kernel: pci_bus 0000:04: resource 2 [mem 0x7030000000-0x703fffffff 64bit pref]
ago 14 20:42:49 twilightrealm kernel: pci_bus 0000:05: resource 0 [io  0xc000-0xcfff]
ago 14 20:42:49 twilightrealm kernel: pci_bus 0000:05: resource 1 [mem 0x8c400000-0x8c5fffff]
ago 14 20:42:49 twilightrealm kernel: pci_bus 0000:05: resource 2 [mem 0x7040000000-0x704fffffff 64bit pref]
ago 14 20:42:49 twilightrealm kernel: pci_bus 0000:06: resource 0 [io  0xb000-0xbfff]
ago 14 20:42:49 twilightrealm kernel: pci_bus 0000:06: resource 1 [mem 0x8c200000-0x8c3fffff]
ago 14 20:42:49 twilightrealm kernel: pci_bus 0000:06: resource 2 [mem 0x7050000000-0x705fffffff 64bit pref]
ago 14 20:42:49 twilightrealm kernel: pci_bus 0000:07: resource 0 [io  0xa000-0xafff]
ago 14 20:42:49 twilightrealm kernel: pci_bus 0000:07: resource 1 [mem 0x88000000-0x8affffff]
ago 14 20:42:49 twilightrealm kernel: pci_bus 0000:07: resource 2 [mem 0x7060000000-0x706fffffff 64bit pref]
ago 14 20:42:49 twilightrealm kernel: pci_bus 0000:08: resource 0 [io  0x9000-0x9fff]
ago 14 20:42:49 twilightrealm kernel: pci_bus 0000:08: resource 1 [mem 0x8be00000-0x8c0fffff]
ago 14 20:42:49 twilightrealm kernel: pci_bus 0000:08: resource 2 [mem 0x7070000000-0x707fffffff 64bit pref]
ago 14 20:42:49 twilightrealm kernel: pci_bus 0000:09: resource 1 [mem 0x8be00000-0x8bffffff]
ago 14 20:42:49 twilightrealm kernel: pci_bus 0000:09: resource 2 [mem 0x7070000000-0x707fffffff 64bit pref]
ago 14 20:42:49 twilightrealm kernel: pci_bus 0000:0a: resource 0 [io  0x8000-0x8fff]
ago 14 20:42:49 twilightrealm kernel: pci_bus 0000:0a: resource 1 [mem 0x8bc00000-0x8bdfffff]
ago 14 20:42:49 twilightrealm kernel: pci_bus 0000:0a: resource 2 [mem 0x7080000000-0x708fffffff 64bit pref]
ago 14 20:42:49 twilightrealm kernel: pci_bus 0000:0b: resource 0 [io  0x7000-0x7fff]
ago 14 20:42:49 twilightrealm kernel: pci_bus 0000:0b: resource 1 [mem 0x8ba00000-0x8bbfffff]
ago 14 20:42:49 twilightrealm kernel: pci_bus 0000:0b: resource 2 [mem 0x7090000000-0x709fffffff 64bit pref]
ago 14 20:42:49 twilightrealm kernel: pci_bus 0000:0c: resource 0 [io  0x5000-0x5fff]
ago 14 20:42:49 twilightrealm kernel: pci_bus 0000:0c: resource 1 [mem 0x8b800000-0x8b9fffff]
ago 14 20:42:49 twilightrealm kernel: pci_bus 0000:0c: resource 2 [mem 0x70a0000000-0x70afffffff 64bit pref]
ago 14 20:42:49 twilightrealm kernel: pci_bus 0000:0d: resource 0 [io  0x4000-0x4fff]
ago 14 20:42:49 twilightrealm kernel: pci_bus 0000:0d: resource 1 [mem 0x8b600000-0x8b7fffff]
ago 14 20:42:49 twilightrealm kernel: pci_bus 0000:0d: resource 2 [mem 0x70b0000000-0x70bfffffff 64bit pref]
ago 14 20:42:49 twilightrealm kernel: pci_bus 0000:0e: resource 0 [io  0x3000-0x3fff]
ago 14 20:42:49 twilightrealm kernel: pci_bus 0000:0e: resource 1 [mem 0x8b400000-0x8b5fffff]
ago 14 20:42:49 twilightrealm kernel: pci_bus 0000:0e: resource 2 [mem 0x70c0000000-0x70cfffffff 64bit pref]
ago 14 20:42:49 twilightrealm kernel: pci_bus 0000:0f: resource 0 [io  0x2000-0x2fff]
ago 14 20:42:49 twilightrealm kernel: pci_bus 0000:0f: resource 1 [mem 0x8b200000-0x8b3fffff]
ago 14 20:42:49 twilightrealm kernel: pci_bus 0000:0f: resource 2 [mem 0x70d0000000-0x70dfffffff 64bit pref]
ago 14 20:42:49 twilightrealm kernel: pci_bus 0000:10: resource 0 [io  0x1000-0x1fff]
ago 14 20:42:49 twilightrealm kernel: pci_bus 0000:10: resource 1 [mem 0x8b000000-0x8b1fffff]
ago 14 20:42:49 twilightrealm kernel: pci_bus 0000:10: resource 2 [mem 0x70e0000000-0x70efffffff 64bit pref]
ago 14 20:42:49 twilightrealm kernel: ACPI: \_SB_.GSIG: Enabled at IRQ 22
ago 14 20:42:49 twilightrealm kernel: PCI: CLS 0 bytes, default 64
ago 14 20:42:49 twilightrealm kernel: Trying to unpack rootfs image as initramfs...
ago 14 20:42:49 twilightrealm kernel: PCI-DMA: Using software bounce buffering for IO (SWIOTLB)
ago 14 20:42:49 twilightrealm kernel: software IO TLB: mapped [mem 0x0000000076fbd000-0x000000007afbd000] (64MB)
ago 14 20:42:49 twilightrealm kernel: clocksource: tsc: mask: 0xffffffffffffffff max_cycles: 0x255cb518234, max_idle_ns: 440795279333 ns
ago 14 20:42:49 twilightrealm kernel: Initialise system trusted keyrings
ago 14 20:42:49 twilightrealm kernel: workingset: timestamp_bits=40 max_order=21 bucket_order=0
ago 14 20:42:49 twilightrealm kernel: zbud: loaded
ago 14 20:42:49 twilightrealm kernel: Key type asymmetric registered
ago 14 20:42:49 twilightrealm kernel: Asymmetric key parser 'x509' registered
ago 14 20:42:49 twilightrealm kernel: Block layer SCSI generic (bsg) driver version 0.4 loaded (major 251)
ago 14 20:42:49 twilightrealm kernel: io scheduler mq-deadline registered
ago 14 20:42:49 twilightrealm kernel: io scheduler kyber registered
ago 14 20:42:49 twilightrealm kernel: pcieport 0000:00:02.0: PME: Signaling with IRQ 24
ago 14 20:42:49 twilightrealm kernel: pcieport 0000:00:02.1: PME: Signaling with IRQ 25
ago 14 20:42:49 twilightrealm kernel: pcieport 0000:00:02.2: PME: Signaling with IRQ 26
ago 14 20:42:49 twilightrealm kernel: pcieport 0000:00:02.3: PME: Signaling with IRQ 27
ago 14 20:42:49 twilightrealm kernel: pcieport 0000:00:02.4: PME: Signaling with IRQ 28
ago 14 20:42:49 twilightrealm kernel: pcieport 0000:00:02.5: PME: Signaling with IRQ 29
ago 14 20:42:49 twilightrealm kernel: pcieport 0000:00:02.6: PME: Signaling with IRQ 30
ago 14 20:42:49 twilightrealm kernel: pcieport 0000:00:02.7: PME: Signaling with IRQ 31
ago 14 20:42:49 twilightrealm kernel: ACPI: \_SB_.GSIH: Enabled at IRQ 23
ago 14 20:42:49 twilightrealm kernel: pcieport 0000:00:03.0: PME: Signaling with IRQ 32
ago 14 20:42:49 twilightrealm kernel: pcieport 0000:00:03.1: PME: Signaling with IRQ 33
ago 14 20:42:49 twilightrealm kernel: pcieport 0000:00:03.2: PME: Signaling with IRQ 34
ago 14 20:42:49 twilightrealm kernel: pcieport 0000:00:03.3: PME: Signaling with IRQ 35
ago 14 20:42:49 twilightrealm kernel: pcieport 0000:00:03.4: PME: Signaling with IRQ 36
ago 14 20:42:49 twilightrealm kernel: pcieport 0000:00:03.5: PME: Signaling with IRQ 37
ago 14 20:42:49 twilightrealm kernel: pcieport 0000:00:03.6: PME: Signaling with IRQ 38
ago 14 20:42:49 twilightrealm kernel: Serial: 8250/16550 driver, 4 ports, IRQ sharing enabled
ago 14 20:42:49 twilightrealm kernel: 00:00: ttyS0 at I/O 0x3f8 (irq = 4, base_baud = 115200) is a 16550A
ago 14 20:42:49 twilightrealm kernel: Linux agpgart interface v0.103
ago 14 20:42:49 twilightrealm kernel: ACPI: bus type drm_connector registered
ago 14 20:42:49 twilightrealm kernel: usbcore: registered new interface driver usbserial_generic
ago 14 20:42:49 twilightrealm kernel: usbserial: USB Serial support registered for generic
ago 14 20:42:49 twilightrealm kernel: intel_pstate: CPU model not supported
ago 14 20:42:49 twilightrealm kernel: [drm] Initialized simpledrm 1.0.0 20200625 for simple-framebuffer.0 on minor 0
ago 14 20:42:49 twilightrealm kernel: fbcon: Deferring console take-over
ago 14 20:42:49 twilightrealm kernel: simple-framebuffer simple-framebuffer.0: [drm] fb0: simpledrmdrmfb frame buffer device
ago 14 20:42:49 twilightrealm kernel: drop_monitor: Initializing network drop monitor service
ago 14 20:42:49 twilightrealm kernel: Freeing initrd memory: 12084K
ago 14 20:42:49 twilightrealm kernel: NET: Registered PF_INET6 protocol family
ago 14 20:42:49 twilightrealm kernel: Segment Routing with IPv6
ago 14 20:42:49 twilightrealm kernel: In-situ OAM (IOAM) with IPv6
ago 14 20:42:49 twilightrealm kernel: IPI shorthand broadcast: enabled
ago 14 20:42:49 twilightrealm kernel: sched_clock: Marking stable (719002053, 1618704)->(912164990, -191544233)
ago 14 20:42:49 twilightrealm kernel: registered taskstats version 1
ago 14 20:42:49 twilightrealm kernel: Loading compiled-in X.509 certificates
ago 14 20:42:49 twilightrealm kernel: Key type .fscrypt registered
ago 14 20:42:49 twilightrealm kernel: Key type fscrypt-provisioning registered
ago 14 20:42:49 twilightrealm kernel: PM:   Magic number: 5:764:748
ago 14 20:42:49 twilightrealm kernel: RAS: Correctable Errors collector initialized.
ago 14 20:42:49 twilightrealm kernel: clk: Disabling unused clocks
ago 14 20:42:49 twilightrealm kernel: Freeing unused decrypted memory: 2028K
ago 14 20:42:49 twilightrealm kernel: Freeing unused kernel image (initmem) memory: 3236K
ago 14 20:42:49 twilightrealm kernel: Write protecting the kernel read-only data: 28672k
ago 14 20:42:49 twilightrealm kernel: Freeing unused kernel image (rodata/data gap) memory: 1132K
ago 14 20:42:49 twilightrealm kernel: x86/mm: Checked W+X mappings: passed, no W+X pages found.
ago 14 20:42:49 twilightrealm kernel: x86/mm: Checking user space page tables
ago 14 20:42:49 twilightrealm kernel: x86/mm: Checked W+X mappings: passed, no W+X pages found.
ago 14 20:42:49 twilightrealm kernel: Run /init as init process
ago 14 20:42:49 twilightrealm kernel:   with arguments:
ago 14 20:42:49 twilightrealm kernel:     /init
ago 14 20:42:49 twilightrealm kernel:   with environment:
ago 14 20:42:49 twilightrealm kernel:     HOME=/
ago 14 20:42:49 twilightrealm kernel:     TERM=linux
ago 14 20:42:49 twilightrealm kernel: fbcon: Taking over console
ago 14 20:42:49 twilightrealm kernel: Console: switching to colour frame buffer device 160x50
ago 14 20:42:49 twilightrealm stage-1-init: [Thu Aug 14 19:42:45 UTC 2025] loading module virtio_balloon...
ago 14 20:42:49 twilightrealm stage-1-init: [Thu Aug 14 19:42:45 UTC 2025] loading module virtio_console...
ago 14 20:42:49 twilightrealm stage-1-init: [Thu Aug 14 19:42:45 UTC 2025] loading module virtio_rng...
ago 14 20:42:49 twilightrealm stage-1-init: [Thu Aug 14 19:42:45 UTC 2025] loading module virtio_gpu...
ago 14 20:42:49 twilightrealm stage-1-init: [Thu Aug 14 19:42:45 UTC 2025] loading module dm_mod...
ago 14 20:42:49 twilightrealm kernel: device-mapper: ioctl: 4.48.0-ioctl (2023-03-01) initialised: dm-devel@redhat.com
ago 14 20:42:49 twilightrealm stage-1-init: [Thu Aug 14 19:42:45 UTC 2025] running udev...
ago 14 20:42:49 twilightrealm stage-1-init: [Thu Aug 14 19:42:45 UTC 2025] Starting systemd-udevd version 257.6
ago 14 20:42:49 twilightrealm kernel: i8042: PNP: PS/2 Controller [PNP0303:KBD,PNP0f13:MOU] at 0x60,0x64 irq 1,12
ago 14 20:42:49 twilightrealm kernel: serio: i8042 KBD port at 0x60,0x64 irq 1
ago 14 20:42:49 twilightrealm kernel: serio: i8042 AUX port at 0x60,0x64 irq 12
ago 14 20:42:49 twilightrealm kernel: SCSI subsystem initialized
ago 14 20:42:49 twilightrealm kernel: xhci_hcd 0000:02:00.0: xHCI Host Controller
ago 14 20:42:49 twilightrealm kernel: xhci_hcd 0000:02:00.0: new USB bus registered, assigned bus number 1
ago 14 20:42:49 twilightrealm kernel: xhci_hcd 0000:02:00.0: hcc params 0x00087001 hci version 0x100 quirks 0x0000000000000010
ago 14 20:42:49 twilightrealm kernel: virtio_blk virtio2: 8/0/0 default/read/poll queues
ago 14 20:42:49 twilightrealm kernel: input: AT Translated Set 2 keyboard as /devices/platform/i8042/serio0/input/input0
ago 14 20:42:49 twilightrealm kernel: xhci_hcd 0000:02:00.0: xHCI Host Controller
ago 14 20:42:49 twilightrealm kernel: xhci_hcd 0000:02:00.0: new USB bus registered, assigned bus number 2
ago 14 20:42:49 twilightrealm kernel: xhci_hcd 0000:02:00.0: Host supports USB 3.0 SuperSpeed
ago 14 20:42:49 twilightrealm kernel: usb usb1: New USB device found, idVendor=1d6b, idProduct=0002, bcdDevice= 6.06
ago 14 20:42:49 twilightrealm kernel: usb usb1: New USB device strings: Mfr=3, Product=2, SerialNumber=1
ago 14 20:42:49 twilightrealm kernel: usb usb1: Product: xHCI Host Controller
ago 14 20:42:49 twilightrealm kernel: usb usb1: Manufacturer: Linux 6.6.101 xhci-hcd
ago 14 20:42:49 twilightrealm kernel: usb usb1: SerialNumber: 0000:02:00.0
ago 14 20:42:49 twilightrealm kernel: hub 1-0:1.0: USB hub found
ago 14 20:42:49 twilightrealm kernel: hub 1-0:1.0: 15 ports detected
ago 14 20:42:49 twilightrealm kernel: usb usb2: We don't know the algorithms for LPM for this host, disabling LPM.
ago 14 20:42:49 twilightrealm kernel: usb usb2: New USB device found, idVendor=1d6b, idProduct=0003, bcdDevice= 6.06
ago 14 20:42:49 twilightrealm kernel: usb usb2: New USB device strings: Mfr=3, Product=2, SerialNumber=1
ago 14 20:42:49 twilightrealm kernel: usb usb2: Product: xHCI Host Controller
ago 14 20:42:49 twilightrealm kernel: usb usb2: Manufacturer: Linux 6.6.101 xhci-hcd
ago 14 20:42:49 twilightrealm kernel: usb usb2: SerialNumber: 0000:02:00.0
ago 14 20:42:49 twilightrealm kernel: hub 2-0:1.0: USB hub found
ago 14 20:42:49 twilightrealm kernel: hub 2-0:1.0: 15 ports detected
ago 14 20:42:49 twilightrealm kernel: virtio_blk virtio2: [vda] 209715200 512-byte logical blocks (107 GB/100 GiB)
ago 14 20:42:49 twilightrealm kernel:  vda: vda1 vda2
ago 14 20:42:49 twilightrealm kernel: virtio_net virtio0 enp1s0: renamed from eth0
ago 14 20:42:49 twilightrealm kernel: libata version 3.00 loaded.
ago 14 20:42:49 twilightrealm kernel: ahci 0000:00:1f.2: version 3.0
ago 14 20:42:49 twilightrealm kernel: ACPI: \_SB_.GSIA: Enabled at IRQ 16
ago 14 20:42:49 twilightrealm kernel: ahci 0000:00:1f.2: AHCI 0001.0000 32 slots 6 ports 1.5 Gbps 0x3f impl SATA mode
ago 14 20:42:49 twilightrealm kernel: ahci 0000:00:1f.2: flags: 64bit ncq only 
ago 14 20:42:49 twilightrealm kernel: scsi host0: ahci
ago 14 20:42:49 twilightrealm kernel: scsi host1: ahci
ago 14 20:42:49 twilightrealm kernel: scsi host2: ahci
ago 14 20:42:49 twilightrealm kernel: scsi host3: ahci
ago 14 20:42:49 twilightrealm kernel: scsi host4: ahci
ago 14 20:42:49 twilightrealm kernel: scsi host5: ahci
ago 14 20:42:49 twilightrealm kernel: ata1: SATA max UDMA/133 abar m4096@0x8ce46000 port 0x8ce46100 irq 64
ago 14 20:42:49 twilightrealm kernel: ata2: SATA max UDMA/133 abar m4096@0x8ce46000 port 0x8ce46180 irq 64
ago 14 20:42:49 twilightrealm kernel: ata3: SATA max UDMA/133 abar m4096@0x8ce46000 port 0x8ce46200 irq 64
ago 14 20:42:49 twilightrealm kernel: ata4: SATA max UDMA/133 abar m4096@0x8ce46000 port 0x8ce46280 irq 64
ago 14 20:42:49 twilightrealm kernel: ata5: SATA max UDMA/133 abar m4096@0x8ce46000 port 0x8ce46300 irq 64
ago 14 20:42:49 twilightrealm kernel: ata6: SATA max UDMA/133 abar m4096@0x8ce46000 port 0x8ce46380 irq 64
ago 14 20:42:49 twilightrealm kernel: usb 1-1: new high-speed USB device number 2 using xhci_hcd
ago 14 20:42:49 twilightrealm kernel: ata2: SATA link down (SStatus 0 SControl 300)
ago 14 20:42:49 twilightrealm kernel: ata1: SATA link up 1.5 Gbps (SStatus 113 SControl 300)
ago 14 20:42:49 twilightrealm kernel: ata5: SATA link down (SStatus 0 SControl 300)
ago 14 20:42:49 twilightrealm kernel: ata4: SATA link down (SStatus 0 SControl 300)
ago 14 20:42:49 twilightrealm kernel: ata6: SATA link down (SStatus 0 SControl 300)
ago 14 20:42:49 twilightrealm kernel: ata3: SATA link down (SStatus 0 SControl 300)
ago 14 20:42:49 twilightrealm kernel: ata1.00: ATAPI: QEMU DVD-ROM, 2.5+, max UDMA/100
ago 14 20:42:49 twilightrealm kernel: ata1.00: applying bridge limits
ago 14 20:42:49 twilightrealm kernel: ata1.00: configured for UDMA/100
ago 14 20:42:49 twilightrealm kernel: scsi 0:0:0:0: CD-ROM            QEMU     QEMU DVD-ROM     2.5+ PQ: 0 ANSI: 5
ago 14 20:42:49 twilightrealm kernel: usb 1-1: New USB device found, idVendor=0627, idProduct=0001, bcdDevice= 0.00
ago 14 20:42:49 twilightrealm kernel: usb 1-1: New USB device strings: Mfr=1, Product=3, SerialNumber=10
ago 14 20:42:49 twilightrealm kernel: usb 1-1: Product: QEMU USB Tablet
ago 14 20:42:49 twilightrealm kernel: usb 1-1: Manufacturer: QEMU
ago 14 20:42:49 twilightrealm kernel: usb 1-1: SerialNumber: 28754-0000:00:02.1:00.0-1
ago 14 20:42:49 twilightrealm kernel: sr 0:0:0:0: [sr0] scsi3-mmc drive: 4x/4x cd/rw xa/form2 tray
ago 14 20:42:49 twilightrealm kernel: cdrom: Uniform CD-ROM driver Revision: 3.20
ago 14 20:42:49 twilightrealm kernel: hid: raw HID events driver (C) Jiri Kosina
ago 14 20:42:49 twilightrealm kernel: usbcore: registered new interface driver usbhid
ago 14 20:42:49 twilightrealm kernel: usbhid: USB HID core driver
ago 14 20:42:49 twilightrealm kernel: input: QEMU QEMU USB Tablet as /devices/pci0000:00/0000:00:02.1/0000:02:00.0/usb1/1-1/1-1:1.0/0003:0627:0001.0001/input/input2
ago 14 20:42:49 twilightrealm kernel: hid-generic 0003:0627:0001.0001: input,hidraw0: USB HID v0.01 Mouse [QEMU QEMU USB Tablet] on usb-0000:02:00.0-1/input0
ago 14 20:42:49 twilightrealm kernel: sr 0:0:0:0: Attached scsi CD-ROM sr0
ago 14 20:42:49 twilightrealm kernel: usb 1-4: new low-speed USB device number 3 using xhci_hcd
ago 14 20:42:49 twilightrealm kernel: usb 1-4: New USB device found, idVendor=18f8, idProduct=0f97, bcdDevice= 1.00
ago 14 20:42:49 twilightrealm kernel: usb 1-4: New USB device strings: Mfr=0, Product=1, SerialNumber=0
ago 14 20:42:49 twilightrealm kernel: usb 1-4: Product: USB OPTICAL MOUSE 
ago 14 20:42:49 twilightrealm kernel: input: USB OPTICAL MOUSE  as /devices/pci0000:00/0000:00:02.1/0000:02:00.0/usb1/1-4/1-4:1.0/0003:18F8:0F97.0002/input/input3
ago 14 20:42:49 twilightrealm kernel: hid-generic 0003:18F8:0F97.0002: input,hidraw1: USB HID v1.10 Mouse [USB OPTICAL MOUSE ] on usb-0000:02:00.0-4/input0
ago 14 20:42:49 twilightrealm kernel: input: USB OPTICAL MOUSE  Keyboard as /devices/pci0000:00/0000:00:02.1/0000:02:00.0/usb1/1-4/1-4:1.1/0003:18F8:0F97.0003/input/input4
ago 14 20:42:49 twilightrealm stage-1-init: [Thu Aug 14 19:42:46 UTC 2025] starting device mapper and LVM...
ago 14 20:42:49 twilightrealm kernel: hid-generic 0003:18F8:0F97.0003: input,hiddev96,hidraw2: USB HID v1.10 Keyboard [USB OPTICAL MOUSE ] on usb-0000:02:00.0-4/input1
ago 14 20:42:49 twilightrealm stage-1-init: [Thu Aug 14 19:42:46 UTC 2025] checking /dev/disk/by-uuid/bb49ed65-e1f1-4748-9388-bd27ded0b98f...
ago 14 20:42:49 twilightrealm stage-1-init: [Thu Aug 14 19:42:46 UTC 2025] fsck (busybox 1.36.1)
ago 14 20:42:49 twilightrealm stage-1-init: [Thu Aug 14 19:42:46 UTC 2025] [fsck.ext4 (1) -- /mnt-root/] fsck.ext4 -a /dev/disk/by-uuid/bb49ed65-e1f1-4748-9388-bd27ded0b98f
ago 14 20:42:49 twilightrealm stage-1-init: [Thu Aug 14 19:42:46 UTC 2025] /dev/disk/by-uuid/bb49ed65-e1f1-4748-9388-bd27ded0b98f: clean, 934782/6488064 files, 12669420/25951399 blocks
ago 14 20:42:49 twilightrealm stage-1-init: [Thu Aug 14 19:42:46 UTC 2025] mounting /dev/disk/by-uuid/bb49ed65-e1f1-4748-9388-bd27ded0b98f on /...
ago 14 20:42:49 twilightrealm kernel: usb 1-5: new full-speed USB device number 4 using xhci_hcd
ago 14 20:42:49 twilightrealm kernel: EXT4-fs (vda2): mounted filesystem bb49ed65-e1f1-4748-9388-bd27ded0b98f r/w with ordered data mode. Quota mode: none.
ago 14 20:42:49 twilightrealm kernel: EXT4-fs (vda2): re-mounted bb49ed65-e1f1-4748-9388-bd27ded0b98f.
ago 14 20:42:49 twilightrealm kernel: usb 1-5: New USB device found, idVendor=258a, idProduct=0016, bcdDevice= 0.01
ago 14 20:42:49 twilightrealm kernel: usb 1-5: New USB device strings: Mfr=1, Product=2, SerialNumber=0
ago 14 20:42:49 twilightrealm kernel: usb 1-5: Product: Usb Gaming Keyboard
ago 14 20:42:49 twilightrealm kernel: usb 1-5: Manufacturer: BY Tech
ago 14 20:42:49 twilightrealm kernel: input: BY Tech Usb Gaming Keyboard as /devices/pci0000:00/0000:00:02.1/0000:02:00.0/usb1/1-5/1-5:1.0/0003:258A:0016.0004/input/input6
ago 14 20:42:49 twilightrealm kernel: hid-generic 0003:258A:0016.0004: input,hidraw3: USB HID v1.10 Keyboard [BY Tech Usb Gaming Keyboard] on usb-0000:02:00.0-5/input0
ago 14 20:42:49 twilightrealm kernel: input: BY Tech Usb Gaming Keyboard System Control as /devices/pci0000:00/0000:00:02.1/0000:02:00.0/usb1/1-5/1-5:1.1/0003:258A:0016.0005/input/input7
ago 14 20:42:49 twilightrealm kernel: input: BY Tech Usb Gaming Keyboard Consumer Control as /devices/pci0000:00/0000:00:02.1/0000:02:00.0/usb1/1-5/1-5:1.1/0003:258A:0016.0005/input/input8
ago 14 20:42:49 twilightrealm kernel: input: BY Tech Usb Gaming Keyboard as /devices/pci0000:00/0000:00:02.1/0000:02:00.0/usb1/1-5/1-5:1.1/0003:258A:0016.0005/input/input10
ago 14 20:42:49 twilightrealm kernel: input: BY Tech Usb Gaming Keyboard Mouse as /devices/pci0000:00/0000:00:02.1/0000:02:00.0/usb1/1-5/1-5:1.1/0003:258A:0016.0005/input/input11
ago 14 20:42:49 twilightrealm kernel: hid-generic 0003:258A:0016.0005: input,hiddev97,hidraw4: USB HID v1.10 Keyboard [BY Tech Usb Gaming Keyboard] on usb-0000:02:00.0-5/input1
ago 14 20:42:49 twilightrealm kernel: EXT4-fs (vda2): re-mounted bb49ed65-e1f1-4748-9388-bd27ded0b98f.
ago 14 20:42:49 twilightrealm unknown: booting system configuration /nix/store/hv24mfb4jw5lwbdrw76ry5sa50bccpfx-nixos-system-twilightrealm-25.05.20250804.ce01dae
ago 14 20:42:49 twilightrealm stage-2-init: running activation script...
ago 14 20:42:49 twilightrealm stage-2-init: setting up /etc...
ago 14 20:42:49 twilightrealm systemd[1]: Inserted module 'autofs4'
ago 14 20:42:49 twilightrealm systemd[1]: systemd 257.6 running in system mode (+PAM +AUDIT -SELINUX +APPARMOR +IMA +IPE +SMACK +SECCOMP +GCRYPT -GNUTLS +OPENSSL +ACL +BLKID +CURL +ELFUTILS +FIDO2 +IDN2 -IDN +IPTC +KMOD +LIBCRYPTSETUP +LIBCRYPTSETUP_PLUGINS +LIBFDISK +PCRE2 +PWQUALITY +P11KIT +QRENCODE +TPM2 +BZIP2 +LZ4 +XZ +ZLIB +ZSTD +BPF_FRAMEWORK -BTF -XKBCOMMON +UTMP -SYSVINIT +LIBARCHIVE)
ago 14 20:42:49 twilightrealm systemd[1]: Detected virtualization kvm.
ago 14 20:42:49 twilightrealm systemd[1]: Detected architecture x86-64.
ago 14 20:42:49 twilightrealm systemd[1]: Hostname set to <twilightrealm>.
ago 14 20:42:49 twilightrealm kernel: systemd[1]: memfd_create() called without MFD_EXEC or MFD_NOEXEC_SEAL set
ago 14 20:42:49 twilightrealm systemd[1]: bpf-restrict-fs: LSM BPF program attached
ago 14 20:42:49 twilightrealm kernel: Guest personality initialized and is inactive
ago 14 20:42:49 twilightrealm kernel: VMCI host device registered (name=vmci, major=10, minor=123)
ago 14 20:42:49 twilightrealm kernel: Initialized host personality
ago 14 20:42:49 twilightrealm kernel: NET: Registered PF_VSOCK protocol family
ago 14 20:42:49 twilightrealm systemd[1]: Queued start job for default target Graphical Interface.
ago 14 20:42:49 twilightrealm systemd[1]: Created slice Virtual Machine and Container Slice.
ago 14 20:42:49 twilightrealm systemd[1]: Created slice Slice /system/getty.
ago 14 20:42:49 twilightrealm systemd[1]: Created slice Slice /system/modprobe.
ago 14 20:42:49 twilightrealm systemd[1]: Created slice Slice /system/systemd-fsck.
ago 14 20:42:49 twilightrealm systemd[1]: Created slice User and Session Slice.
ago 14 20:42:49 twilightrealm systemd[1]: Started Dispatch Password Requests to Console Directory Watch.
ago 14 20:42:49 twilightrealm systemd[1]: Started Forward Password Requests to Wall Directory Watch.
ago 14 20:42:49 twilightrealm systemd[1]: Expecting device /dev/disk/by-uuid/47B8-B5EA...
ago 14 20:42:49 twilightrealm systemd[1]: Reached target Local Encrypted Volumes.
ago 14 20:42:49 twilightrealm systemd[1]: Reached target Containers.
ago 14 20:42:49 twilightrealm systemd[1]: Reached target Path Units.
ago 14 20:42:49 twilightrealm systemd[1]: Reached target Remote File Systems.
ago 14 20:42:49 twilightrealm systemd[1]: Reached target Slice Units.
ago 14 20:42:49 twilightrealm systemd[1]: Listening on Process Core Dump Socket.
ago 14 20:42:49 twilightrealm systemd[1]: Listening on Credential Encryption/Decryption.
ago 14 20:42:49 twilightrealm systemd[1]: Listening on Journal Audit Socket.
ago 14 20:42:49 twilightrealm systemd[1]: Listening on Journal Socket (/dev/log).
ago 14 20:42:49 twilightrealm systemd[1]: Listening on Journal Sockets.
ago 14 20:42:49 twilightrealm systemd[1]: Listening on Userspace Out-Of-Memory (OOM) Killer Socket.
ago 14 20:42:49 twilightrealm systemd[1]: Make TPM PCR Policy was skipped because of an unmet condition check (ConditionSecurity=measured-uki).
ago 14 20:42:49 twilightrealm systemd[1]: Listening on udev Control Socket.
ago 14 20:42:49 twilightrealm systemd[1]: Listening on udev Kernel Socket.
ago 14 20:42:49 twilightrealm systemd[1]: Mounting Huge Pages File System...
ago 14 20:42:49 twilightrealm systemd[1]: Mounting POSIX Message Queue File System...
ago 14 20:42:49 twilightrealm systemd[1]: Mounting Kernel Debug File System...
ago 14 20:42:49 twilightrealm systemd[1]: Mounting Kernel Trace File System...
ago 14 20:42:49 twilightrealm systemd[1]: Starting Create List of Static Device Nodes...
ago 14 20:42:49 twilightrealm systemd[1]: Starting Load Kernel Module configfs...
ago 14 20:42:49 twilightrealm systemd[1]: Starting Load Kernel Module drm...
ago 14 20:42:49 twilightrealm systemd[1]: Starting Load Kernel Module efi_pstore...
ago 14 20:42:49 twilightrealm systemd[1]: Starting Load Kernel Module fuse...
ago 14 20:42:49 twilightrealm systemd[1]: Starting mount-pstore.service...
ago 14 20:42:49 twilightrealm systemd[1]: File System Check on Root Device was skipped because of an unmet condition check (ConditionPathIsReadWrite=!/).
ago 14 20:42:49 twilightrealm systemd[1]: Clear Stale Hibernate Storage Info was skipped because of an unmet condition check (ConditionPathExists=/sys/firmware/efi/efivars/HibernateLocation-8cf2644b-4b0b-428f-9387-6d876050dc67).
ago 14 20:42:49 twilightrealm kernel: pstore: Using crash dump compression: deflate
ago 14 20:42:49 twilightrealm systemd[1]: Starting Journal Service...
ago 14 20:42:49 twilightrealm kernel: pstore: Registered efi_pstore as persistent store backend
ago 14 20:42:49 twilightrealm systemd[1]: Starting Load Kernel Modules...
ago 14 20:42:49 twilightrealm systemd[1]: Starting Userspace Out-Of-Memory (OOM) Killer...
ago 14 20:42:49 twilightrealm systemd[1]: Starting Remount Root and Kernel File Systems...
ago 14 20:42:49 twilightrealm systemd[1]: Early TPM SRK Setup was skipped because of an unmet condition check (ConditionSecurity=measured-uki).
ago 14 20:42:49 twilightrealm systemd[1]: Starting Coldplug All udev Devices...
ago 14 20:42:49 twilightrealm systemd[1]: Mounted Huge Pages File System.
ago 14 20:42:49 twilightrealm systemd[1]: Mounted POSIX Message Queue File System.
ago 14 20:42:49 twilightrealm systemd[1]: Mounted Kernel Debug File System.
ago 14 20:42:49 twilightrealm systemd[1]: Mounted Kernel Trace File System.
ago 14 20:42:49 twilightrealm kernel: fuse: init (API version 7.39)
ago 14 20:42:49 twilightrealm systemd-journald[517]: Collecting audit messages is enabled.
ago 14 20:42:49 twilightrealm systemd[1]: Finished Create List of Static Device Nodes.
ago 14 20:42:49 twilightrealm systemd[1]: modprobe@configfs.service: Deactivated successfully.
ago 14 20:42:49 twilightrealm kernel: EXT4-fs (vda2): re-mounted bb49ed65-e1f1-4748-9388-bd27ded0b98f.
ago 14 20:42:49 twilightrealm systemd[1]: Finished Load Kernel Module configfs.
ago 14 20:42:49 twilightrealm systemd[1]: modprobe@drm.service: Deactivated successfully.
ago 14 20:42:49 twilightrealm systemd[1]: Finished Load Kernel Module drm.
ago 14 20:42:49 twilightrealm systemd[1]: modprobe@efi_pstore.service: Deactivated successfully.
ago 14 20:42:49 twilightrealm systemd[1]: Finished Load Kernel Module efi_pstore.
ago 14 20:42:49 twilightrealm systemd[1]: Started Userspace Out-Of-Memory (OOM) Killer.
ago 14 20:42:49 twilightrealm systemd[1]: modprobe@fuse.service: Deactivated successfully.
ago 14 20:42:49 twilightrealm systemd-journald[517]: Journal started
ago 14 20:42:49 twilightrealm systemd-journald[517]: Runtime Journal (/run/log/journal/494334cb55884aa5b94946385d48512f) is 8M, max 195.1M, 187.1M free.
ago 14 20:42:49 twilightrealm systemd-oomd[521]: No swap; memory pressure usage will be degraded
ago 14 20:42:49 twilightrealm systemd[1]: Finished Load Kernel Module fuse.
ago 14 20:42:49 twilightrealm systemd[1]: Started Journal Service.
ago 14 20:42:49 twilightrealm systemd[1]: Finished Remount Root and Kernel File Systems.
ago 14 20:42:49 twilightrealm systemd-modules-load[519]: Inserted module 'kvm_intel'
ago 14 20:42:49 twilightrealm systemd[1]: Mounting FUSE Control File System...
ago 14 20:42:49 twilightrealm systemd[1]: Mounting Kernel Configuration File System...
ago 14 20:42:49 twilightrealm systemd[1]: Starting Flush Journal to Persistent Storage...
ago 14 20:42:49 twilightrealm systemd[1]: Starting Load/Save OS Random Seed...
ago 14 20:42:49 twilightrealm systemd-modules-load[519]: Inserted module 'bridge'
ago 14 20:42:49 twilightrealm kernel: bridge: filtering via arp/ip/ip6tables is no longer available by default. Update your scripts to load br_netfilter if you need this.
ago 14 20:42:49 twilightrealm systemd[1]: Starting Network Time Synchronization...
ago 14 20:42:49 twilightrealm systemd-journald[517]: Time spent on flushing to /var/log/journal/494334cb55884aa5b94946385d48512f is 197.378ms for 964 entries.
ago 14 20:42:49 twilightrealm systemd-journald[517]: System Journal (/var/log/journal/494334cb55884aa5b94946385d48512f) is 424.2M, max 4G, 3.5G free.
ago 14 20:42:50 twilightrealm systemd-journald[517]: Received client request to flush runtime journal.
ago 14 20:42:50 twilightrealm kernel: tun: Universal TUN/TAP device driver, 1.6
ago 14 20:42:50 twilightrealm kernel: loop: module loaded
ago 14 20:42:50 twilightrealm kernel: nvidia: loading out-of-tree module taints kernel.
ago 14 20:42:49 twilightrealm systemd[1]: Starting Create Static Device Nodes in /dev gracefully...
ago 14 20:42:49 twilightrealm systemd[1]: TPM SRK Setup was skipped because of an unmet condition check (ConditionSecurity=measured-uki).
ago 14 20:42:49 twilightrealm systemd-modules-load[519]: Inserted module 'macvlan'
ago 14 20:42:50 twilightrealm systemd-modules-load[519]: Inserted module 'tap'
ago 14 20:42:50 twilightrealm systemd-modules-load[519]: Inserted module 'tun'
ago 14 20:42:50 twilightrealm systemd[1]: Finished mount-pstore.service.
ago 14 20:42:50 twilightrealm systemd[1]: Mounted FUSE Control File System.
ago 14 20:42:50 twilightrealm systemd-modules-load[519]: Inserted module 'loop'
ago 14 20:42:50 twilightrealm systemd[1]: Mounted Kernel Configuration File System.
ago 14 20:42:50 twilightrealm systemd[1]: Platform Persistent Storage Archival was skipped because of an unmet condition check (ConditionDirectoryNotEmpty=/sys/fs/pstore).
ago 14 20:42:50 twilightrealm systemd-modules-load[519]: Module 'ctr' is built in
ago 14 20:42:50 twilightrealm systemd[1]: Finished Load/Save OS Random Seed.
ago 14 20:42:50 twilightrealm systemd[1]: Finished Create Static Device Nodes in /dev gracefully.
ago 14 20:42:50 twilightrealm systemd[1]: Finished Coldplug All udev Devices.
ago 14 20:42:50 twilightrealm systemd[1]: First Boot Complete was skipped because of an unmet condition check (ConditionFirstBoot=yes).
ago 14 20:42:50 twilightrealm systemd[1]: Starting Create Static Device Nodes in /dev...
ago 14 20:42:50 twilightrealm systemd[1]: Finished Create Static Device Nodes in /dev.
ago 14 20:42:50 twilightrealm systemd-timesyncd[557]: Disabling NSCD because DNSSEC validation is turned off
ago 14 20:42:50 twilightrealm systemd[1]: Reached target Preparation for Local File Systems.
ago 14 20:42:50 twilightrealm systemd[1]: Starting Rule-based Manager for Device Events and Files...
ago 14 20:42:50 twilightrealm systemd[1]: Started Network Time Synchronization.
ago 14 20:42:50 twilightrealm systemd-udevd[565]: Using default interface naming scheme 'v257'.
ago 14 20:42:50 twilightrealm systemd[1]: Finished Flush Journal to Persistent Storage.
ago 14 20:42:50 twilightrealm systemd[1]: Started Rule-based Manager for Device Events and Files.
ago 14 20:42:50 twilightrealm mtp-probe[610]: checking bus 1, device 4: "/sys/devices/pci0000:00/0000:00:02.1/0000:02:00.0/usb1/1-5"
ago 14 20:42:50 twilightrealm mtp-probe[609]: checking bus 1, device 3: "/sys/devices/pci0000:00/0000:00:02.1/0000:02:00.0/usb1/1-4"
ago 14 20:42:50 twilightrealm mtp-probe[610]: bus: 1, device: 4 was not an MTP device
ago 14 20:42:50 twilightrealm mtp-probe[611]: checking bus 1, device 2: "/sys/devices/pci0000:00/0000:00:02.1/0000:02:00.0/usb1/1-1"
ago 14 20:42:50 twilightrealm mtp-probe[609]: bus: 1, device: 3 was not an MTP device
ago 14 20:42:50 twilightrealm mtp-probe[611]: bus: 1, device: 2 was not an MTP device
ago 14 20:42:50 twilightrealm systemd[1]: Found device /dev/disk/by-uuid/47B8-B5EA.
ago 14 20:42:50 twilightrealm systemd[1]: Starting File System Check on /dev/disk/by-uuid/47B8-B5EA...
ago 14 20:42:50 twilightrealm kernel: rtc_cmos 00:03: RTC can wake from S4
ago 14 20:42:50 twilightrealm kernel: rtc_cmos 00:03: registered as rtc0
ago 14 20:42:50 twilightrealm kernel: rtc_cmos 00:03: setting system clock to 2025-08-14T19:42:50 UTC (1755200570)
ago 14 20:42:50 twilightrealm kernel: input: Power Button as /devices/LNXSYSTM:00/LNXPWRBN:00/input/input12
ago 14 20:42:50 twilightrealm kernel: rtc_cmos 00:03: alarms up to one day, y3k, 242 bytes nvram
ago 14 20:42:50 twilightrealm systemd-journald[517]: Time jumped backwards, rotating.
ago 14 20:42:50 twilightrealm kernel: ACPI: button: Power Button [PWRF]
ago 14 20:42:50 twilightrealm systemd[1]: Starting Virtual Console Setup...
ago 14 20:42:50 twilightrealm systemd[1]: systemd-vconsole-setup.service: Deactivated successfully.
ago 14 20:42:50 twilightrealm systemd[1]: Stopped Virtual Console Setup.
ago 14 20:42:50 twilightrealm systemd-fsck[629]: fsck.fat 4.2 (2021-01-31)
ago 14 20:42:50 twilightrealm systemd-fsck[629]: /dev/vda1: 28 files, 12084/261627 clusters
ago 14 20:42:50 twilightrealm systemd[1]: Starting Virtual Console Setup...
ago 14 20:42:50 twilightrealm systemd[1]: Finished File System Check on /dev/disk/by-uuid/47B8-B5EA.
ago 14 20:42:50 twilightrealm systemd[1]: Mounting /boot...
ago 14 20:42:50 twilightrealm systemd[1]: Finished Virtual Console Setup.
ago 14 20:42:50 twilightrealm kernel: nvidia: vup_inject_hooks cetbit=0 vupdevid=0 klogtrace=0
ago 14 20:42:50 twilightrealm kernel: nvidia: vup_apply_patches general=0
ago 14 20:42:50 twilightrealm kernel: nvidia-nvlink: Nvlink Core is being initialized, major device number 244
ago 14 20:42:50 twilightrealm kernel: 
ago 14 20:42:50 twilightrealm kernel: mousedev: PS/2 mouse device common for all mice
ago 14 20:42:50 twilightrealm kernel: nvidia 0000:07:00.0: vgaarb: VGA decodes changed: olddecodes=io+mem,decodes=none:owns=none
ago 14 20:42:50 twilightrealm kernel: NVRM: loading NVIDIA UNIX x86_64 Kernel Module  550.90.07  Fri May 31 09:35:42 UTC 2024
ago 14 20:42:50 twilightrealm kernel: lpc_ich 0000:00:1f.0: I/O space for GPIO uninitialized
ago 14 20:42:50 twilightrealm kernel: RAPL PMU: API unit is 2^-32 Joules, 0 fixed counters, 10737418240 ms ovfl timer
ago 14 20:42:50 twilightrealm (udev-worker)[577]: nvidia: Process '/nix/store/ih68ar79msmj0496pgld4r3vqfr7bbin-bash-5.2p37/bin/bash -c 'mknod -m 666 /dev/nvidiactl c 195 255'' failed with exit code 1.
ago 14 20:42:50 twilightrealm kernel: i801_smbus 0000:00:1f.3: Enabling SMBus device
ago 14 20:42:50 twilightrealm kernel: i801_smbus 0000:00:1f.3: SMBus using PCI interrupt
ago 14 20:42:50 twilightrealm kernel: i2c i2c-0: 1/1 memory slots populated (from DMI)
ago 14 20:42:50 twilightrealm kernel: i2c i2c-0: Memory type 0x07 not supported yet, not instantiating SPD
ago 14 20:42:50 twilightrealm kernel: ACPI: \_SB_.GSIF: Enabled at IRQ 21
ago 14 20:42:50 twilightrealm kernel: cryptd: max_cpu_qlen set to 1000
ago 14 20:42:50 twilightrealm kernel: Console: switching to colour dummy device 80x25
ago 14 20:42:50 twilightrealm kernel: qxl 0000:00:01.0: vgaarb: deactivate vga console
ago 14 20:42:50 twilightrealm kernel: [drm] Device Version 0.0
ago 14 20:42:50 twilightrealm kernel: [drm] Compression level 0 log level 0
ago 14 20:42:50 twilightrealm kernel: [drm] 12286 io pages at offset 0x1000000
ago 14 20:42:50 twilightrealm kernel: [drm] 16777216 byte draw area at offset 0x0
ago 14 20:42:50 twilightrealm kernel: [drm] RAM header offset: 0x3ffe000
ago 14 20:42:50 twilightrealm kernel: [drm] qxl: 16M of VRAM memory size
ago 14 20:42:50 twilightrealm kernel: [drm] qxl: 63M of IO pages memory ready (VRAM domain)
ago 14 20:42:50 twilightrealm kernel: [drm] qxl: 64M of Surface memory size
ago 14 20:42:50 twilightrealm kernel: [drm] slot 0 (main): base 0x84000000, size 0x03ffe000
ago 14 20:42:50 twilightrealm kernel: [drm] slot 1 (surfaces): base 0x80000000, size 0x04000000
ago 14 20:42:50 twilightrealm kernel: [drm] Initialized qxl 0.1.0 20120117 for 0000:00:01.0 on minor 1
ago 14 20:42:50 twilightrealm kernel: fbcon: qxldrmfb (fb0) is primary device
ago 14 20:42:50 twilightrealm kernel: iTCO_wdt iTCO_wdt.1.auto: Found a ICH9 TCO device (Version=2, TCOBASE=0x0660)
ago 14 20:42:50 twilightrealm kernel: iTCO_wdt iTCO_wdt.1.auto: initialized. heartbeat=30 sec (nowayout=0)
ago 14 20:42:50 twilightrealm kernel: Console: switching to colour frame buffer device 128x48
ago 14 20:42:50 twilightrealm kernel: qxl 0000:00:01.0: [drm] fb0: qxldrmfb frame buffer device
ago 14 20:42:50 twilightrealm kernel: AVX2 version of gcm_enc/dec engaged.
ago 14 20:42:50 twilightrealm kernel: AES CTR mode by8 optimization enabled
ago 14 20:42:50 twilightrealm systemd[1]: Mounted /boot.
ago 14 20:42:50 twilightrealm (udev-worker)[577]: nvidia: Process '/nix/store/ih68ar79msmj0496pgld4r3vqfr7bbin-bash-5.2p37/bin/bash -c 'for i in $(cat /proc/driver/nvidia/gpus/*/information | grep Minor | cut -d \  -f 4); do mknod -m 666 /dev/nvidia${i} c 195 ${i}; done'' failed with exit code 1.
ago 14 20:42:51 twilightrealm kernel: snd_hda_codec_generic hdaudioC0D0: autoconfig for Generic: line_outs=1 (0x3/0x0/0x0/0x0/0x0) type:line
ago 14 20:42:51 twilightrealm kernel: snd_hda_codec_generic hdaudioC0D0:    speaker_outs=0 (0x0/0x0/0x0/0x0/0x0)
ago 14 20:42:51 twilightrealm kernel: snd_hda_codec_generic hdaudioC0D0:    hp_outs=0 (0x0/0x0/0x0/0x0/0x0)
ago 14 20:42:51 twilightrealm kernel: snd_hda_codec_generic hdaudioC0D0:    mono: mono_out=0x0
ago 14 20:42:51 twilightrealm kernel: snd_hda_codec_generic hdaudioC0D0:    inputs:
